<html>
<body>
<pre>
<h1>礦ision Build Log</h1>
<h2>Tool Versions:</h2>
IDE-Version: μVision V5.23.0.0
Copyright (C) 2017 ARM Ltd and ARM Germany GmbH. All rights reserved.
License Information: 1 572880793@qq.com, 1, LIC=X96CK-Z85YF-749S0-B3JNL-8NH0K-N4ABE
 
Tool Versions:
Toolchain:       MDK-ARM Plus  Version: 5.23
Toolchain Path:  D:\Program Files\qian_ru_shi\keil_v5\ARM\ARMCC\Bin
C Compiler:      Armcc.exe V5.06 update 4 (build 422)
Assembler:       Armasm.exe V5.06 update 4 (build 422)
Linker/Locator:  ArmLink.exe V5.06 update 4 (build 422)
Library Manager: ArmAr.exe V5.06 update 4 (build 422)
Hex Converter:   FromElf.exe V5.06 update 4 (build 422)
CPU DLL:         SARMCM3.DLL V5.23
Dialog DLL:      DARMSTM.DLL V1.68.0.0
Target DLL:      STLink\ST-LINKIII-KEIL_SWO.dll V2.0.18.0
Dialog DLL:      TCM.DLL V1.27.0.0
 
<h2>Project:</h2>
D:\桌面\嵌入式系统\emlab-sim-f103\mdk-proj-sim\MDK-ARM\emlab-sim-f103.uvprojx
Project File Date:  11/23/2022

<h2>Output:</h2>
*** Using Compiler 'V5.06 update 4 (build 422)', folder: 'D:\Program Files\qian_ru_shi\keil_v5\ARM\ARMCC\Bin'
Rebuild target 'emlab-sim-f103'
compiling app_fsm4.c...
assembling startup_stm32f103xb.s...
compiling board_fsm4.c...
compiling heap.c...
compiling board_qemu.c...
compiling debug.c...
compiling kern_init.c...
compiling ios_fd.c...
compiling ios_device.c...
compiling kern_port_cm3_gnu.c...
compiling kshell_cmd.c...
compiling kshell.c...
compiling kern_test.c...
compiling ktest.c...
compiling mutex.c...
compiling msgq.c...
compiling pipe.c...
compiling semaphore.c...
compiling button_scan.c...
compiling timer.c...
compiling syscall.c...
compiling task.c...
compiling kfifo.c...
compiling project2_main.c...
..\..\lab-src\project2\project2_main.c(36): warning:  #177-D: variable "max"  was declared but never referenced
  	int max = 17;
..\..\lab-src\project2\project2_main.c(32): warning:  #177-D: variable "dim_curve_len"  was declared but never referenced
  static uint16_t dim_curve_len = sizeof(dim_curve) / sizeof(dim_curve[0]);
..\..\lab-src\project2\project2_main.c: 2 warnings, 0 errors
compiling beep.c...
compiling decode.c...
compiling button.c...
compiling key.c...
compiling led.c...
compiling pin_device.c...
compiling player.c...
compiling pwm_device.c...
compiling project4_main.c...
assembling syscall_ccarm.S...
compiling board_itm.c...
compiling kern_port_cm3_ccarm.c...
compiling project1_main.c...
compiling app_n103.c...
compiling kern_port_cm3.c...
compiling gpio_ops.c...
compiling main.c...
compiling project3_main.c...
compiling pin_driver.c...
compiling stm32f1xx_hal_tim_ex.c...
compiling pwm_driver.c...
..\..\lab-src\project4\pwm_driver.c(117): warning:  #188-D: enumerated type mixed with another type
  		tim_handle.Channel = channel;						//閫氶亾鍙?
..\..\lab-src\project4\pwm_driver.c(148): warning:  #188-D: enumerated type mixed with another type
  		tim_handle.Channel = channel;
..\..\lab-src\project4\pwm_driver.c(227): warning:  #188-D: enumerated type mixed with another type
  		tim_handle.Channel = channel;
..\..\lab-src\project4\pwm_driver.c: 3 warnings, 0 errors
compiling stm32f1xx_hal_msp.c...
compiling stm32f1xx_it.c...
compiling stm32f1xx_hal_gpio_ex.c...
compiling stm32f1xx_hal_tim.c...
compiling stm32f1xx_hal_gpio.c...
compiling stm32f1xx_hal.c...
compiling stm32f1xx_hal_rcc_ex.c...
compiling stm32f1xx_hal_rcc.c...
compiling stm32f1xx_hal_dma.c...
compiling stm32f1xx_hal_flash_ex.c...
compiling stm32f1xx_hal_flash.c...
compiling stm32f1xx_hal_cortex.c...
compiling stm32f1xx_hal_pwr.c...
compiling system_stm32f1xx.c...
compiling stm32f1xx_hal_exti.c...
compiling stm32f1xx_hal_uart.c...
linking...
Program Size: Code=48324 RO-data=4780 RW-data=1052 ZI-data=20508  
FromELF: creating hex file...
"emlab-sim-f103\emlab-sim-f103.axf" - 0 Error(s), 5 Warning(s).

<h2>Software Packages used:</h2>

Package Vendor: ARM
                http://www.keil.com/pack/ARM.CMSIS.5.9.0.pack
                ARM::CMSIS:CORE:5.6.0
                CMSIS (Common Microcontroller Software Interface Standard)
   * Component: CORE Version: 5.6.0

<h2>Collection of Component include folders:</h2>
  .\RTE\_emlab-sim-f103
  D:\Program Files\qian_ru_shi\keil_v5\ARM\PACK\ARM\CMSIS\5.9.0\CMSIS\Core\Include
  D:\Program Files\qian_ru_shi\keil_v5\ARM\PACK\Keil\STM32F1xx_DFP\2.4.0\Device\Include

<h2>Collection of Component Files used:</h2>

   * Component: ARM::CMSIS:CORE:5.6.0
Build Time Elapsed:  00:00:18
</pre>
</body>
</html>
