Component: ARM Compiler 5.06 update 4 (build 422) Tool: armlink [4d35d2]

==============================================================================

Section Cross References

    startup_stm32f103xb.o(STACK) refers (Special) to heapauxi.o(.text) for __use_two_region_memory
    startup_stm32f103xb.o(HEAP) refers (Special) to heapauxi.o(.text) for __use_two_region_memory
    startup_stm32f103xb.o(RESET) refers (Special) to heapauxi.o(.text) for __use_two_region_memory
    startup_stm32f103xb.o(RESET) refers to startup_stm32f103xb.o(STACK) for __initial_sp
    startup_stm32f103xb.o(RESET) refers to startup_stm32f103xb.o(.text) for Reset_Handler
    startup_stm32f103xb.o(RESET) refers to stm32f1xx_it.o(i.NMI_Handler) for NMI_Handler
    startup_stm32f103xb.o(RESET) refers to stm32f1xx_it.o(i.HardFault_Handler) for HardFault_Handler
    startup_stm32f103xb.o(RESET) refers to stm32f1xx_it.o(i.MemManage_Handler) for MemManage_Handler
    startup_stm32f103xb.o(RESET) refers to stm32f1xx_it.o(i.BusFault_Handler) for BusFault_Handler
    startup_stm32f103xb.o(RESET) refers to stm32f1xx_it.o(i.UsageFault_Handler) for UsageFault_Handler
    startup_stm32f103xb.o(RESET) refers to syscall.o(.emb_text) for SVC_Handler
    startup_stm32f103xb.o(RESET) refers to stm32f1xx_it.o(i.DebugMon_Handler) for DebugMon_Handler
    startup_stm32f103xb.o(RESET) refers to kern_port_cm3_ccarm.o(.emb_text) for PendSV_Handler
    startup_stm32f103xb.o(RESET) refers to stm32f1xx_it.o(i.SysTick_Handler) for SysTick_Handler
    startup_stm32f103xb.o(RESET) refers to stm32f1xx_it.o(i.DMA1_Channel2_IRQHandler) for DMA1_Channel2_IRQHandler
    startup_stm32f103xb.o(RESET) refers to stm32f1xx_it.o(i.DMA1_Channel3_IRQHandler) for DMA1_Channel3_IRQHandler
    startup_stm32f103xb.o(RESET) refers to stm32f1xx_it.o(i.USART3_IRQHandler) for USART3_IRQHandler
    startup_stm32f103xb.o(.text) refers (Special) to heapauxi.o(.text) for __use_two_region_memory
    startup_stm32f103xb.o(.text) refers to system_stm32f1xx.o(i.SystemInit) for SystemInit
    startup_stm32f103xb.o(.text) refers to __main.o(!!!main) for __main
    startup_stm32f103xb.o(.text) refers to startup_stm32f103xb.o(HEAP) for Heap_Mem
    startup_stm32f103xb.o(.text) refers to startup_stm32f103xb.o(STACK) for Stack_Mem
    app_n103.o(i.app_main) refers to app_n103.o(i.lab_init) for lab_init
    app_n103.o(i.app_main) refers to kshell_cmd.o(i.kshell_cmd_add) for kshell_cmd_add
    app_n103.o(i.app_main) refers to app_n103.o(i.cmd_smoke) for cmd_smoke
    app_n103.o(i.blow) refers to strlen.o(.text) for strlen
    app_n103.o(i.blow) refers to stm32f1xx_hal_uart.o(i.HAL_UART_Transmit) for HAL_UART_Transmit
    app_n103.o(i.blow) refers to app_n103.o(i.gpio_clr) for gpio_clr
    app_n103.o(i.blow) refers to app_n103.o(i.tim_pwm_start) for tim_pwm_start
    app_n103.o(i.blow) refers to timer.o(i.task_sleep) for task_sleep
    app_n103.o(i.blow) refers to app_n103.o(i.tim_pwm_stop) for tim_pwm_stop
    app_n103.o(i.blow) refers to main.o(.bss) for huart1
    app_n103.o(i.check_gpio) refers to app_n103.o(i.gpio_read) for gpio_read
    app_n103.o(i.check_gpio) refers to app_n103.o(i.gpio_write) for gpio_write
    app_n103.o(i.check_tim) refers to app_n103.o(i.gpio_read) for gpio_read
    app_n103.o(i.check_tim) refers to app_n103.o(i.tim_pwm_start) for tim_pwm_start
    app_n103.o(i.check_tim) refers to app_n103.o(i.tim_pwm_stop) for tim_pwm_stop
    app_n103.o(i.cmd_prj) refers to app_n103.o(i.project_list) for project_list
    app_n103.o(i.cmd_prj) refers to strtoul.o(.text) for strtoul
    app_n103.o(i.cmd_prj) refers to kshell.o(i.ksh_printf) for ksh_printf
    app_n103.o(i.cmd_prj) refers to task.o(i.task_create) for task_create
    app_n103.o(i.cmd_prj) refers to app_n103.o(.data) for prj_table
    app_n103.o(i.cmd_smoke) refers to timer.o(i.ms_to_tick) for ms_to_tick
    app_n103.o(i.cmd_smoke) refers to timer.o(i.timer_init) for timer_init
    app_n103.o(i.cmd_smoke) refers to timer.o(i.timer_add_oneshot) for timer_add_oneshot
    app_n103.o(i.cmd_smoke) refers to task.o(i.task_create) for task_create
    app_n103.o(i.cmd_smoke) refers to app_n103.o(.data) for smoking
    app_n103.o(i.cmd_smoke) refers to app_n103.o(.bss) for stop_timer
    app_n103.o(i.cmd_smoke) refers to app_n103.o(i.stop_smoke) for stop_smoke
    app_n103.o(i.cmd_smoke) refers to app_n103.o(i.smoke_task) for smoke_task
    app_n103.o(i.gpio_write) refers to app_n103.o(i.gpio_set) for gpio_set
    app_n103.o(i.gpio_write) refers to app_n103.o(i.gpio_clr) for gpio_clr
    app_n103.o(i.lab_init) refers to kshell_cmd.o(i.kshell_cmd_add) for kshell_cmd_add
    app_n103.o(i.lab_init) refers to app_n103.o(i.cmd_prj) for cmd_prj
    app_n103.o(i.project_list) refers to board_itm.o(i.trace_printf) for trace_printf
    app_n103.o(i.project_list) refers to app_n103.o(.data) for prj_table
    app_n103.o(i.smoke_task) refers to board_itm.o(i.trace_printf) for trace_printf
[...]
    audio_control                            0x08004b85   Thumb Code    16  project4_main.o(i.audio_control)
    audio_init                               0x08004b99   Thumb Code    14  project4_main.o(i.audio_init)
    audio_open                               0x08004ba7   Thumb Code    14  project4_main.o(i.audio_open)
    audio_write                              0x08004bb5   Thumb Code    46  project4_main.o(i.audio_write)
    beep_init                                0x08004be9   Thumb Code    12  beep.o(i.beep_init)
    beep_off                                 0x08004cd1   Thumb Code    12  beep.o(i.beep_off)
    beep_on                                  0x08004ce9   Thumb Code    12  beep.o(i.beep_on)
    beep_player_init                         0x08004d01   Thumb Code    22  project4_main.o(i.beep_player_init)
    beep_set                                 0x08004d19   Thumb Code    40  beep.o(i.beep_set)
    beep_song_decode_init                    0x08004e61   Thumb Code    14  decode.o(i.beep_song_decode_init)
    beep_song_get_data                       0x08004ee9   Thumb Code    40  decode.o(i.beep_song_get_data)
    beep_song_get_len                        0x08004f11   Thumb Code    32  decode.o(i.beep_song_get_len)
    beep_song_get_name                       0x08004f31   Thumb Code    24  decode.o(i.beep_song_get_name)
    board_getc                               0x08004fe1   Thumb Code    42  board_itm.o(i.board_getc)
    board_getc_ready                         0x08005015   Thumb Code     4  board_itm.o(i.board_getc_ready)
    board_putc                               0x08005019   Thumb Code    12  board_itm.o(i.board_putc)
    board_putc_debug                         0x08005025   Thumb Code    12  board_itm.o(i.board_putc_debug)
    btn_cb                                   0x08005031   Thumb Code    38  key.o(i.btn_cb)
    button_register                          0x08005061   Thumb Code   176  button_scan.o(i.button_register)
    button_scan_loop                         0x0800516d   Thumb Code    12  button_scan.o(i.button_scan_loop)
    cmd_help                                 0x080052fd   Thumb Code    54  kshell_cmd.o(i.cmd_help)
    cmd_reboot                               0x0800545d   Thumb Code    22  kshell_cmd.o(i.cmd_reboot)
    cmd_uartmode                             0x08005569   Thumb Code   152  project3_main.o(i.cmd_uartmode)
    cpu_in_irq                               0x08005681   Thumb Code    14  kern_port_cm3_ccarm.o(i.cpu_in_irq)
    cpu_irq_disabled                         0x0800568f   Thumb Code    22  kern_port_cm3_ccarm.o(i.cpu_irq_disabled)
    cpu_schedule_pend                        0x080056a5   Thumb Code     8  kern_port_cm3.o(i.cpu_schedule_pend)
    cpu_task_init                            0x080056ad   Thumb Code    16  kern_port_cm3.o(i.cpu_task_init)
    cpu_task_stack_prepair                   0x080056bd   Thumb Code   110  kern_port_cm3.o(i.cpu_task_stack_prepair)
    debug_irq_restore                        0x08005731   Thumb Code    14  debug.o(i.debug_irq_restore)
    debug_irq_save                           0x08005745   Thumb Code    14  debug.o(i.debug_irq_save)
    decode_control                           0x08005759   Thumb Code    36  project4_main.o(i.decode_control)
    decode_read                              0x0800577d   Thumb Code    30  project4_main.o(i.decode_read)
    device_close                             0x0800579d   Thumb Code   102  ios_device.o(i.device_close)
    device_find                              0x08005855   Thumb Code    12  ios_device.o(i.device_find)
    device_ioctl                             0x080058a9   Thumb Code   102  ios_device.o(i.device_ioctl)
    device_open                              0x08005961   Thumb Code   106  ios_device.o(i.device_open)
    device_read                              0x08005a1d   Thumb Code   102  ios_device.o(i.device_read)
    device_register                          0x08005ad5   Thumb Code   172  ios_device.o(i.device_register)
    device_write                             0x08005bdd   Thumb Code   102  ios_device.o(i.device_write)
    driver_pin_init                          0x08005d45   Thumb Code    34  pin_driver.o(i.driver_pin_init)
    driver_pwm_init                          0x08005d89   Thumb Code    30  pwm_driver.o(i.driver_pwm_init)
    exec_privilege_action                    0x08005dc5   Thumb Code    14  project1_main.o(i.exec_privilege_action)
    fork_test_task                           0x08005f09   Thumb Code   120  project1_main.o(i.fork_test_task)
    generate_button_event                    0x08006015   Thumb Code   210  button_scan.o(i.generate_button_event)
    heap_init                                0x08006179   Thumb Code    10  heap.o(i.heap_init)
    ios_device_init                          0x080061ed   Thumb Code    46  ios_device.o(i.ios_device_init)
    ios_fd_close                             0x08006245   Thumb Code    60  ios_fd.o(i.ios_fd_close)
    ios_fd_free                              0x08006281   Thumb Code   108  ios_fd.o(i.ios_fd_free)
    ios_fd_get_device                        0x08006361   Thumb Code    28  ios_fd.o(i.ios_fd_get_device)
    ios_fd_init                              0x0800637d   Thumb Code    38  ios_fd.o(i.ios_fd_init)
    ios_fd_ioctl                             0x080063b5   Thumb Code    58  ios_fd.o(i.ios_fd_ioctl)
    ios_fd_new                               0x080063f1   Thumb Code    86  ios_fd.o(i.ios_fd_new)
    ios_fd_open                              0x08006455   Thumb Code    96  ios_fd.o(i.ios_fd_open)
    ios_fd_read                              0x080064b5   Thumb Code    58  ios_fd.o(i.ios_fd_read)
    ios_fd_set                               0x080064f1   Thumb Code    84  ios_fd.o(i.ios_fd_set)
    ios_fd_write                             0x08006579   Thumb Code    58  ios_fd.o(i.ios_fd_write)
    k3_read                                  0x080065b5   Thumb Code    20  gpio_ops.o(i.k3_read)
    k4_read                                  0x080065cd   Thumb Code    20  gpio_ops.o(i.k4_read)
    k5_read                                  0x080065e5   Thumb Code    20  gpio_ops.o(i.k5_read)
    k6_read                                  0x080065fd   Thumb Code    20  gpio_ops.o(i.k6_read)
    kern_init                                0x08006615   Thumb Code    42  kern_init.o(i.kern_init)
    kern_start                               0x08006651   Thumb Code    14  kern_init.o(i.kern_start)
    kern_test                                0x08006671   Thumb Code    12  kern_test.o(i.kern_test)
    kern_test_init                           0x08006691   Thumb Code    14  kern_test.o(i.kern_test_init)
    key_init                                 0x08006781   Thumb Code    96  key.o(i.key_init)
    keys_init                                0x08006815   Thumb Code    54  gpio_ops.o(i.keys_init)
    ksh_auto_complete_internal               0x08006909   Thumb Code   128  kshell.o(i.ksh_auto_complete_internal)
    ksh_printf                               0x08006a81   Thumb Code    64  kshell.o(i.ksh_printf)
    kshell_cmd_add                           0x08006b5d   Thumb Code    38  kshell_cmd.o(i.kshell_cmd_add)
    kshell_config                            0x08006b89   Thumb Code    50  project3_main.o(i.kshell_config)
    kshell_find_cmd                          0x08006bd9   Thumb Code    60  kshell_cmd.o(i.kshell_find_cmd)
    kshell_init                              0x08006c19   Thumb Code    38  kshell.o(i.kshell_init)
    kshell_lib_init                          0x08006c45   Thumb Code    24  kshell.o(i.kshell_lib_init)
    kshell_loop                              0x08006c75   Thumb Code    40  kshell.o(i.kshell_loop)
    kshell_register                          0x08006cad   Thumb Code    12  kshell.o(i.kshell_register)
    ktest_assert                             0x08006ccd   Thumb Code   108  ktest.o(i.ktest_assert)
    ktest_failed                             0x08006db1   Thumb Code    10  ktest.o(i.ktest_failed)
    ktest_result_get                         0x08006dbd   Thumb Code     4  ktest.o(i.ktest_result_get)
    ktest_run_test_case                      0x080070e5   Thumb Code   194  ktest.o(i.ktest_run_test_case)
    ktest_run_test_suite                     0x0800725d   Thumb Code    42  ktest.o(i.ktest_run_test_suite)
    ktest_run_unit                           0x080072a9   Thumb Code    24  ktest.o(i.ktest_run_unit)
    ktest_suite_init                         0x080072c5   Thumb Code    82  ktest.o(i.ktest_suite_init)
    lab_init                                 0x08007365   Thumb Code    14  app_n103.o(i.lab_init)
    led_init                                 0x080074a9   Thumb Code    14  led.o(i.led_init)
    led_off                                  0x080074c5   Thumb Code    14  led.o(i.led_off)
    led_on                                   0x080074e1   Thumb Code    14  led.o(i.led_on)
    led_set                                  0x080074fd   Thumb Code    14  gpio_ops.o(i.led_set)
    led_toggle                               0x08007511   Thumb Code    30  led.o(i.led_toggle)
    leds_init                                0x0800753d   Thumb Code    62  gpio_ops.o(i.leds_init)
    main                                     0x08007585   Thumb Code    44  main.o(i.main)
    ms_to_tick                               0x080075b1   Thumb Code    56  timer.o(i.ms_to_tick)
    mutex_give                               0x080075e9   Thumb Code   142  mutex.o(i.mutex_give)
    mutex_init                               0x080076ed   Thumb Code    14  mutex.o(i.mutex_init)
    mutex_take                               0x08007701   Thumb Code   252  mutex.o(i.mutex_take)
    mutex_test_task                          0x08007881   Thumb Code   158  kern_test.o(i.mutex_test_task)
    my_button_register                       0x0800798d   Thumb Code    58  button.o(i.my_button_register)
    my_button_start                          0x08007bd5   Thumb Code    24  button.o(i.my_button_start)
    pin_mode                                 0x08007ced   Thumb Code    46  pin_device.o(i.pin_mode)
    pin_read                                 0x08007d1d   Thumb Code    76  pin_device.o(i.pin_read)
    pin_write                                0x08007d7d   Thumb Code    60  pin_device.o(i.pin_write)
    player_add_song                          0x08007db9   Thumb Code    50  player.o(i.player_add_song)
    player_control                           0x08007deb   Thumb Code   106  player.o(i.player_control)
    player_init                              0x08007ecd   Thumb Code   106  project4_main.o(i.player_init)
    player_last                              0x08007f75   Thumb Code    92  player.o(i.player_last)
    player_next                              0x08007fd1   Thumb Code    94  player.o(i.player_next)
    player_play                              0x0800802f   Thumb Code    36  player.o(i.player_play)
    player_show                              0x08008055   Thumb Code   148  player.o(i.player_show)
    player_start                             0x080081a9   Thumb Code   126  player.o(i.player_start)
    player_stop                              0x08008239   Thumb Code    28  player.o(i.player_stop)
    process_buttons                          0x08008301   Thumb Code    22  button_scan.o(i.process_buttons)
    project1_main                            0x080083c5   Thumb Code    72  project1_main.o(i.project1_main)
    project2_main                            0x08008475   Thumb Code    28  project2_main.o(i.project2_main)
    project3_main                            0x080084bd   Thumb Code    18  project3_main.o(i.project3_main)
    project4_main                            0x08008501   Thumb Code     8  project4_main.o(i.project4_main)
    pwm_disable                              0x0800855f   Thumb Code    50  pwm_device.o(i.pwm_disable)
    pwm_enable                               0x08008591   Thumb Code    50  pwm_device.o(i.pwm_enable)
    pwm_init                                 0x080085c3   Thumb Code     6  pwm_device.o(i.pwm_init)
    pwm_set                                  0x080085c9   Thumb Code    62  pwm_device.o(i.pwm_set)
    scan_button                              0x08008bbd   Thumb Code   218  button_scan.o(i.scan_button)
    scan_buttons                             0x08008ca1   Thumb Code    22  button_scan.o(i.scan_buttons)
    sem_give                                 0x08008d9d   Thumb Code    80  semaphore.o(i.sem_give)
    sem_init                                 0x08008e35   Thumb Code     8  semaphore.o(i.sem_init)
    sem_take                                 0x08008ead   Thumb Code   256  semaphore.o(i.sem_take)
    shell_execute                            0x08009135   Thumb Code    46  kshell.o(i.shell_execute)
    stm32_pin_close                          0x0800957d   Thumb Code     6  pin_driver.o(i.stm32_pin_close)
    stop_smoke                               0x08009b99   Thumb Code     8  app_n103.o(i.stop_smoke)
    sys_call_test                            0x08009bfd   Thumb Code    30  syscall.o(i.sys_call_test)
    sys_fork                                 0x08009c3d   Thumb Code     8  syscall.o(i.sys_fork)
    sys_system_call                          0x08009c45   Thumb Code    24  syscall.o(i.sys_system_call)
    syscall_pendsv                           0x08009c5d   Thumb Code    10  kern_port_cm3.o(i.syscall_pendsv)
    task_create                              0x08009e59   Thumb Code   110  task.o(i.task_create)
    task_delete                              0x08009ef9   Thumb Code    92  task.o(i.task_delete)
    task_fork                                0x08009fd1   Thumb Code   154  task.o(i.task_fork)
    task_info                                0x0800a0c1   Thumb Code    64  task.o(i.task_info)
    task_info_all                            0x0800a109   Thumb Code    56  task.o(i.task_info_all)
    task_init                                0x0800a18d   Thumb Code    26  task.o(i.task_init)
    task_join                                0x0800a1b1   Thumb Code    40  task.o(i.task_join)
    task_lib_init                            0x0800a1dd   Thumb Code    24  task.o(i.task_lib_init)
    task_lock                                0x0800a209   Thumb Code    64  task.o(i.task_lock)
    task_priority                            0x0800a6ad   Thumb Code    16  task.o(i.task_priority)
    task_self                                0x0800a721   Thumb Code     6  task.o(i.task_self)
    task_set_priority                        0x0800a72d   Thumb Code    82  task.o(i.task_set_priority)
    task_sleep                               0x0800a77f   Thumb Code    18  timer.o(i.task_sleep)
    task_switch_context_hook                 0x0800a791   Thumb Code     6  task.o(i.task_switch_context_hook)
    task_switch_sp                           0x0800a799   Thumb Code   116  task.o(i.task_switch_sp)
    task_timer_tick                          0x0800a845   Thumb Code    32  task.o(i.task_timer_tick)
    task_unlock                              0x0800a865   Thumb Code    86  task.o(i.task_unlock)
    task_wait_timeout                        0x0800a901   Thumb Code    86  timer.o(i.task_wait_timeout)
    task_wakeup                              0x0800a961   Thumb Code    14  task.o(i.task_wakeup)
    task_wakeup_all                          0x0800a96f   Thumb Code    16  task.o(i.task_wakeup_all)
    task_wakeup_n                            0x0800a981   Thumb Code   154  task.o(i.task_wakeup_n)
    task_wakeup_the                          0x0800aa69   Thumb Code    68  task.o(i.task_wakeup_the)
    task_yield                               0x0800aaf1   Thumb Code    54  task.o(i.task_yield)
    timer_add_oneshot                        0x0800ad35   Thumb Code    30  timer.o(i.timer_add_oneshot)
    timer_add_period                         0x0800ad53   Thumb Code    30  timer.o(i.timer_add_period)
    timer_cancel                             0x0800ad71   Thumb Code    76  timer.o(i.timer_cancel)
    timer_init                               0x0800adfd   Thumb Code    18  timer.o(i.timer_init)
    timer_lib_init                           0x0800af89   Thumb Code    58  timer.o(i.timer_lib_init)
    timer_tick_isr                           0x0800b1f9   Thumb Code    80  timer.o(i.timer_tick_isr)
    timer_ticks                              0x0800b27d   Thumb Code     6  timer.o(i.timer_ticks)
    trace_printf                             0x0800b2b1   Thumb Code    48  board_itm.o(i.trace_printf)
    _get_lc_ctype                            0x0800bacd   Thumb Code    44  lc_ctype_c.o(locale$$code)
    _get_lc_numeric                          0x0800baf9   Thumb Code    44  lc_numeric_c.o(locale$$code)
    __aeabi_d2uiz                            0x0800bb25   Thumb Code     0  dfixu.o(x$fpl$dfixu)
    _dfixu                                   0x0800bb25   Thumb Code    90  dfixu.o(x$fpl$dfixu)
    __aeabi_i2d                              0x0800bb7f   Thumb Code     0  dflt_clz.o(x$fpl$dflt)
    _dflt                                    0x0800bb7f   Thumb Code    46  dflt_clz.o(x$fpl$dflt)
    __aeabi_dmul                             0x0800bbad   Thumb Code     0  dmul.o(x$fpl$dmul)
    _dmul                                    0x0800bbad   Thumb Code   332  dmul.o(x$fpl$dmul)
    __fpl_dnaninf                            0x0800bd01   Thumb Code   156  dnaninf.o(x$fpl$dnaninf)
    __fpl_dretinf                            0x0800bd9d   Thumb Code    12  dretinf.o(x$fpl$dretinf)
    _printf_fp_dec                           0x0800bda9   Thumb Code     4  printf1.o(x$fpl$printf1)
    _printf_fp_hex                           0x0800bdad   Thumb Code     4  printf2.o(x$fpl$printf2)
    __I$use$fp                               0x0800bdb0   Number         0  usenofp.o(x$fpl$usenofp)
    sys_call_table                           0x0800c094   Data          12  syscall.o(.constdata)
    sys_call_count                           0x0800c0a0   Data           4  syscall.o(.constdata)
    AHBPrescTable                            0x0800c9fb   Data          16  system_stm32f1xx.o(.constdata)
    APBPrescTable                            0x0800ca0b   Data           8  system_stm32f1xx.o(.constdata)
    Region$$Table$$Base                      0x0800ce24   Number         0  anon$$obj.o(Region$$Table)
    Region$$Table$$Limit                     0x0800ce44   Number         0  anon$$obj.o(Region$$Table)
    __ctype                                  0x0800ce51   Data           0  lc_ctype_c.o(locale$$data)
    prj_table                                0x20000000   Data          40  app_n103.o(.data)
    ITM_RxBuffer                             0x20000030   Data           4  board_itm.o(.data)
    ksh_cmd_table                            0x200000d8   Data         192  kshell_cmd.o(.data)
    current_task                             0x200001b4   Data           4  task.o(.data)
    _rq_task_count                           0x200001c0   Data           4  task.o(.data)
    _wq_task_count                           0x200001c4   Data           4  task.o(.data)
    _task_count                              0x200001c8   Data           4  task.o(.data)
    _timer_count                             0x20000200   Data           4  timer.o(.data)
    uart_txrx_mode                           0x200002b4   Data           4  project3_main.o(.data)
    __tx_fifo                                0x200002bc   Data         140  project3_main.o(.data)
    tx_fifo                                  0x20000348   Data           4  project3_main.o(.data)
    __rx_fifo                                0x20000354   Data         140  project3_main.o(.data)
    rx_fifo                                  0x200003e0   Data           4  project3_main.o(.data)
    uwTick                                   0x2000040c   Data           4  stm32f1xx_hal.o(.data)
    uwTickPrio                               0x20000410   Data           4  stm32f1xx_hal.o(.data)
    uwTickFreq                               0x20000414   Data           1  stm32f1xx_hal.o(.data)
    SystemCoreClock                          0x20000418   Data           4  system_stm32f1xx.o(.data)
    _task_pool                               0x20001440   Data       13600  task.o(.bss)
    btn_last                                 0x20004b3c   Data          20  key.o(.bss)
    btn_play                                 0x20004b50   Data          20  key.o(.bss)
    btn_next                                 0x20004b64   Data          20  key.o(.bss)
    player                                   0x20004bc8   Data          68  project4_main.o(.bss)
    htim2                                    0x20004c7c   Data          72  main.o(.bss)
    huart1                                   0x20004cc4   Data          68  main.o(.bss)
    huart3                                   0x20004d08   Data          68  main.o(.bss)
    hdma_usart3_rx                           0x20004d4c   Data          68  main.o(.bss)
    hdma_usart3_tx                           0x20004d90   Data          68  main.o(.bss)
    __libspace_start                         0x20004dd4   Data          96  libspace.o(.bss)
    __temporary_stack_top$libspace           0x20004e34   Data           0  libspace.o(.bss)



==============================================================================

Memory Map of the image

  Image Entry point : 0x080000ed

  Load Region LR_IROM1 (Base: 0x08000000, Size: 0x0000d38c, Max: 0x00020000, ABSOLUTE, COMPRESSED[0x0000d0bc])

    Execution Region ER_IROM1 (Base: 0x08000000, Size: 0x0000cf70, Max: 0x00020000, ABSOLUTE)

    Base Addr    Size         Type   Attr      Idx    E Section Name        Object

    0x08000000   0x000000ec   Data   RO            3    RESET               startup_stm32f103xb.o
    0x080000ec   0x00000008   Code   RO         5428  * !!!main             c_w.l(__main.o)
    0x080000f4   0x00000034   Code   RO         5788    !!!scatter          c_w.l(__scatter.o)
    0x08000128   0x0000005a   Code   RO         5786    !!dczerorl2         c_w.l(__dczerorl2.o)
    0x08000182   0x00000002   PAD
    0x08000184   0x0000001c   Code   RO         5790    !!handler_zi        c_w.l(__scatter_zi.o)
    0x080001a0   0x00000000   Code   RO         5537    .ARM.Collect$$_printf_percent$$00000000  c_w.l(_printf_percent.o)
    0x080001a0   0x00000006   Code   RO         5526    .ARM.Collect$$_printf_percent$$00000001  c_w.l(_printf_n.o)
    0x080001a6   0x00000006   Code   RO         5528    .ARM.Collect$$_printf_percent$$00000002  c_w.l(_printf_p.o)
    0x080001ac   0x00000006   Code   RO         5533    .ARM.Collect$$_printf_percent$$00000003  c_w.l(_printf_f.o)
    0x080001b2   0x00000006   Code   RO         5534    .ARM.Collect$$_printf_percent$$00000004  c_w.l(_printf_e.o)
    0x080001b8   0x00000006   Code   RO         5535    .ARM.Collect$$_printf_percent$$00000005  c_w.l(_printf_g.o)
    0x080001be   0x00000006   Code   RO         5536    .ARM.Collect$$_printf_percent$$00000006  c_w.l(_printf_a.o)
    0x080001c4   0x0000000a   Code   RO         5541    .ARM.Collect$$_printf_percent$$00000007  c_w.l(_printf_ll.o)
    0x080001ce   0x00000006   Code   RO         5530    .ARM.Collect$$_printf_percent$$00000008  c_w.l(_printf_i.o)
    0x080001d4   0x00000006   Code   RO         5531    .ARM.Collect$$_printf_percent$$00000009  c_w.l(_printf_d.o)
    0x080001da   0x00000006   Code   RO         5532    .ARM.Collect$$_printf_percent$$0000000A  c_w.l(_printf_u.o)
    0x080001e0   0x00000006   Code   RO         5529    .ARM.Collect$$_printf_percent$$0000000B  c_w.l(_printf_o.o)
    0x080001e6   0x00000006   Code   RO         5527    .ARM.Collect$$_printf_percent$$0000000C  c_w.l(_printf_x.o)
    0x080001ec   0x00000006   Code   RO         5538    .ARM.Collect$$_printf_percent$$0000000D  c_w.l(_printf_lli.o)
    0x080001f2   0x00000006   Code   RO         5539    .ARM.Collect$$_printf_percent$$0000000E  c_w.l(_printf_lld.o)
    0x080001f8   0x00000006   Code   RO         5540    .ARM.Collect$$_printf_percent$$0000000F  c_w.l(_printf_llu.o)
    0x080001fe   0x00000006   Code   RO         5545    .ARM.Collect$$_printf_percent$$00000010  c_w.l(_printf_llo.o)
    0x08000204   0x00000006   Code   RO         5546    .ARM.Collect$$_printf_percent$$00000011  c_w.l(_printf_llx.o)
    0x0800020a   0x0000000a   Code   RO         5542    .ARM.Collect$$_printf_percent$$00000012  c_w.l(_printf_l.o)
    0x08000214   0x00000006   Code   RO         5524    .ARM.Collect$$_printf_percent$$00000013  c_w.l(_printf_c.o)
    0x0800021a   0x00000006   Code   RO         5525    .ARM.Collect$$_printf_percent$$00000014  c_w.l(_printf_s.o)
    0x08000220   0x00000006   Code   RO         5543    .ARM.Collect$$_printf_percent$$00000015  c_w.l(_printf_lc.o)
    0x08000226   0x00000006   Code   RO         5544    .ARM.Collect$$_printf_percent$$00000016  c_w.l(_printf_ls.o)
    0x0800022c   0x00000004   Code   RO         5604    .ARM.Collect$$_printf_percent$$00000017  c_w.l(_printf_percent_end.o)
    0x08000230   0x00000002   Code   RO         5655    .ARM.Collect$$libinit$$00000000  c_w.l(libinit.o)
    0x08000232   0x00000000   Code   RO         5657    .ARM.Collect$$libinit$$00000002  c_w.l(libinit2.o)
    0x08000232   0x00000000   Code   RO         5659    .ARM.Collect$$libinit$$00000004  c_w.l(libinit2.o)
    0x08000232   0x00000000   Code   RO         5662    .ARM.Collect$$libinit$$0000000A  c_w.l(libinit2.o)
    0x08000232   0x00000000   Code   RO         5664    .ARM.Collect$$libinit$$0000000C  c_w.l(libinit2.o)
    0x08000232   0x00000000   Code   RO         5666    .ARM.Collect$$libinit$$0000000E  c_w.l(libinit2.o)
    0x08000232   0x00000006   Code   RO         5667    .ARM.Collect$$libinit$$0000000F  c_w.l(libinit2.o)
    0x08000238   0x00000000   Code   RO         5669    .ARM.Collect$$libinit$$00000011  c_w.l(libinit2.o)
    0x08000238   0x0000000c   Code   RO         5670    .ARM.Collect$$libinit$$00000012  c_w.l(libinit2.o)
    0x08000244   0x00000000   Code   RO         5671    .ARM.Collect$$libinit$$00000013  c_w.l(libinit2.o)
    0x08000244   0x00000000   Code   RO         5673    .ARM.Collect$$libinit$$00000015  c_w.l(libinit2.o)
    0x08000244   0x0000000a   Code   RO         5674    .ARM.Collect$$libinit$$00000016  c_w.l(libinit2.o)
    0x0800024e   0x00000000   Code   RO         5675    .ARM.Collect$$libinit$$00000017  c_w.l(libinit2.o)
    0x0800024e   0x00000000   Code   RO         5677    .ARM.Collect$$libinit$$00000019  c_w.l(libinit2.o)
    0x0800024e   0x00000000   Code   RO         5679    .ARM.Collect$$libinit$$0000001B  c_w.l(libinit2.o)
    0x0800024e   0x00000000   Code   RO         5681    .ARM.Collect$$libinit$$0000001D  c_w.l(libinit2.o)
    0x0800024e   0x00000000   Code   RO         5683    .ARM.Collect$$libinit$$0000001F  c_w.l(libinit2.o)
    0x0800024e   0x00000000   Code   RO         5685    .ARM.Collect$$libinit$$00000021  c_w.l(libinit2.o)
    0x0800024e   0x00000000   Code   RO         5687    .ARM.Collect$$libinit$$00000023  c_w.l(libinit2.o)
    0x0800024e   0x00000000   Code   RO         5689    .ARM.Collect$$libinit$$00000025  c_w.l(libinit2.o)
    0x0800024e   0x00000000   Code   RO         5693    .ARM.Collect$$libinit$$0000002C  c_w.l(libinit2.o)
    0x0800024e   0x00000000   Code   RO         5695    .ARM.Collect$$libinit$$0000002E  c_w.l(libinit2.o)
    0x0800024e   0x00000000   Code   RO         5697    .ARM.Collect$$libinit$$00000030  c_w.l(libinit2.o)
    0x0800024e   0x00000000   Code   RO         5699    .ARM.Collect$$libinit$$00000032  c_w.l(libinit2.o)
    0x0800024e   0x00000002   Code   RO         5700    .ARM.Collect$$libinit$$00000033  c_w.l(libinit2.o)
    0x08000250   0x00000002   Code   RO         5751    .ARM.Collect$$libshutdown$$00000000  c_w.l(libshutdown.o)
    0x08000252   0x00000000   Code   RO         5769    .ARM.Collect$$libshutdown$$00000002  c_w.l(libshutdown2.o)
    0x08000252   0x00000000   Code   RO         5771    .ARM.Collect$$libshutdown$$00000004  c_w.l(libshutdown2.o)
    0x08000252   0x00000000   Code   RO         5774    .ARM.Collect$$libshutdown$$00000007  c_w.l(libshutdown2.o)
    0x08000252   0x00000000   Code   RO         5777    .ARM.Collect$$libshutdown$$0000000A  c_w.l(libshutdown2.o)
    0x08000252   0x00000000   Code   RO         5779    .ARM.Collect$$libshutdown$$0000000C  c_w.l(libshutdown2.o)
    0x08000252   0x00000000   Code   RO         5782    .ARM.Collect$$libshutdown$$0000000F  c_w.l(libshutdown2.o)
    0x08000252   0x00000002   Code   RO         5783    .ARM.Collect$$libshutdown$$00000010  c_w.l(libshutdown2.o)
    0x08000254   0x00000000   Code   RO         5442    .ARM.Collect$$rtentry$$00000000  c_w.l(__rtentry.o)
    0x08000254   0x00000000   Code   RO         5568    .ARM.Collect$$rtentry$$00000002  c_w.l(__rtentry2.o)
    0x08000254   0x00000006   Code   RO         5580    .ARM.Collect$$rtentry$$00000004  c_w.l(__rtentry4.o)
    0x0800025a   0x00000000   Code   RO         5570    .ARM.Collect$$rtentry$$00000009  c_w.l(__rtentry2.o)
    0x0800025a   0x00000004   Code   RO         5571    .ARM.Collect$$rtentry$$0000000A  c_w.l(__rtentry2.o)
    0x0800025e   0x00000000   Code   RO         5573    .ARM.Collect$$rtentry$$0000000C  c_w.l(__rtentry2.o)
    0x0800025e   0x00000008   Code   RO         5574    .ARM.Collect$$rtentry$$0000000D  c_w.l(__rtentry2.o)
    0x08000266   0x00000002   Code   RO         5705    .ARM.Collect$$rtexit$$00000000  c_w.l(rtexit.o)
    0x08000268   0x00000000   Code   RO         5720    .ARM.Collect$$rtexit$$00000002  c_w.l(rtexit2.o)
    0x08000268   0x00000004   Code   RO         5721    .ARM.Collect$$rtexit$$00000003  c_w.l(rtexit2.o)
    0x0800026c   0x00000006   Code   RO         5722    .ARM.Collect$$rtexit$$00000004  c_w.l(rtexit2.o)
    0x08000272   0x00000002   PAD
    0x08000274   0x00000066   Code   RO          709    .emb_text           kern_port_cm3_ccarm.o
    0x080002da   0x00000002   PAD
    0x080002dc   0x00000058   Code   RO         1732    .emb_text           syscall.o
    0x08000334   0x00000040   Code   RO            4    .text               startup_stm32f103xb.o
    0x08000374   0x00000036   Code   RO         2742    .text               syscall_ccarm.o
    0x080003aa   0x000000ee   Code   RO         5394    .text               c_w.l(lludivv7m.o)
    0x08000498   0x00000034   Code   RO         5398    .text               c_w.l(vsnprintf.o)
    0x080004cc   0x00000072   Code   RO         5400    .text               c_w.l(strtoul.o)
    0x0800053e   0x00000058   Code   RO         5402    .text               c_w.l(memcmp.o)
    0x08000596   0x00000016   Code   RO         5404    .text               c_w.l(strrchr.o)
    0x080005ac   0x0000003e   Code   RO         5406    .text               c_w.l(strlen.o)
    0x080005ea   0x00000096   Code   RO         5408    .text               c_w.l(strncmp.o)
    0x08000680   0x0000008a   Code   RO         5410    .text               c_w.l(rt_memcpy_v6.o)
    0x0800070a   0x00000084   Code   RO         5412    .text               c_w.l(rt_memmove_v6.o)
    0x0800078e   0x00000064   Code   RO         5414    .text               c_w.l(rt_memcpy_w.o)
    0x080007f2   0x00000010   Code   RO         5416    .text               c_w.l(aeabi_memset.o)
    0x08000802   0x00000044   Code   RO         5418    .text               c_w.l(rt_memclr.o)
    0x08000846   0x0000004e   Code   RO         5420    .text               c_w.l(rt_memclr_w.o)
    0x08000894   0x00000056   Code   RO         5422    .text               c_w.l(strncpy.o)
    0x080008ea   0x00000002   PAD
    0x080008ec   0x00000080   Code   RO         5424    .text               c_w.l(strcmpv7m.o)
    0x0800096c   0x00000006   Code   RO         5426    .text               c_w.l(heapauxi.o)
    0x08000972   0x00000002   PAD
    0x08000974   0x00000010   Code   RO         5443    .text               c_w.l(rt_ctype_table.o)
    0x08000984   0x00000008   Code   RO         5452    .text               c_w.l(rt_errno_addr_intlibspace.o)
    0x0800098c   0x0000004e   Code   RO         5456    .text               c_w.l(_printf_pad.o)
    0x080009da   0x00000024   Code   RO         5458    .text               c_w.l(_printf_truncate.o)
    0x080009fe   0x00000052   Code   RO         5460    .text               c_w.l(_printf_str.o)
    0x08000a50   0x00000078   Code   RO         5462    .text               c_w.l(_printf_dec.o)
    0x08000ac8   0x00000028   Code   RO         5464    .text               c_w.l(_printf_charcount.o)
    0x08000af0   0x00000030   Code   RO         5466    .text               c_w.l(_printf_char_common.o)
    0x08000b20   0x0000000a   Code   RO         5468    .text               c_w.l(_sputc.o)
    0x08000b2a   0x00000010   Code   RO         5470    .text               c_w.l(_snputc.o)
    0x08000b3a   0x00000002   PAD
    0x08000b3c   0x000000bc   Code   RO         5472    .text               c_w.l(_printf_wctomb.o)
    0x08000bf8   0x0000007c   Code   RO         5475    .text               c_w.l(_printf_longlong_dec.o)
    0x08000c74   0x00000070   Code   RO         5481    .text               c_w.l(_printf_oct_int_ll.o)
    0x08000ce4   0x00000094   Code   RO         5501    .text               c_w.l(_printf_hex_int_ll_ptr.o)
    0x08000d78   0x00000188   Code   RO         5521    .text               c_w.l(__printf_flags_ss_wp.o)
    0x08000f00   0x0000009e   Code   RO         5547    .text               c_w.l(_strtoul.o)
    0x08000f9e   0x0000007a   Code   RO         5549    .text               c_w.l(rt_memmove_w.o)
    0x08001018   0x00000008   Code   RO         5564    .text               c_w.l(libspace.o)
    0x08001020   0x00000008   Code   RO         5587    .text               c_w.l(rt_locale_intlibspace.o)
    0x08001028   0x0000008a   Code   RO         5589    .text               c_w.l(lludiv10.o)
    0x080010b2   0x000000b2   Code   RO         5591    .text               c_w.l(_printf_intcommon.o)
    0x08001164   0x0000041a   Code   RO         5593    .text               c_w.l(_printf_fp_dec.o)
    0x0800157e   0x00000002   PAD
    0x08001580   0x000002fc   Code   RO         5595    .text               c_w.l(_printf_fp_hex.o)
    0x0800187c   0x0000002c   Code   RO         5600    .text               c_w.l(_printf_char.o)
    0x080018a8   0x0000002c   Code   RO         5602    .text               c_w.l(_printf_wchar.o)
    0x080018d4   0x0000001c   Code   RO         5605    .text               c_w.l(_chval.o)
    0x080018f0   0x00000040   Code   RO         5607    .text               c_w.l(_wcrtomb.o)
    0x08001930   0x0000004a   Code   RO         5612    .text               c_w.l(sys_stackheap_outer.o)
    0x0800197a   0x00000002   PAD
    0x0800197c   0x00000080   Code   RO         5614    .text               c_w.l(_printf_fp_infnan.o)
    0x080019fc   0x000000dc   Code   RO         5616    .text               c_w.l(bigflt0.o)
    0x08001ad8   0x00000012   Code   RO         5644    .text               c_w.l(exit.o)
    0x08001aea   0x00000002   PAD
    0x08001aec   0x0000000c   Code   RO         5717    .text               c_w.l(sys_exit.o)
    0x08001af8   0x00000002   Code   RO         5738    .text               c_w.l(use_no_semi.o)
    0x08001afa   0x00000000   Code   RO         5740    .text               c_w.l(indicate_semi.o)
    0x08001afa   0x0000003e   Code   RO         5619    CL$$btod_d2e        c_w.l(btod.o)
    0x08001b38   0x00000046   Code   RO         5621    CL$$btod_d2e_denorm_low  c_w.l(btod.o)
    0x08001b7e   0x00000060   Code   RO         5620    CL$$btod_d2e_norm_op1  c_w.l(btod.o)
    0x08001bde   0x00000338   Code   RO         5629    CL$$btod_div_common  c_w.l(btod.o)
    0x08001f16   0x000000c6   Code   RO         5626    CL$$btod_e2e        c_w.l(btod.o)
    0x08001fdc   0x00000028   Code   RO         5623    CL$$btod_ediv       c_w.l(btod.o)
    0x08002004   0x00000028   Code   RO         5622    CL$$btod_emul       c_w.l(btod.o)
    0x0800202c   0x00000244   Code   RO         5628    CL$$btod_mult_common  c_w.l(btod.o)
    0x08002270   0x00000004   Code   RO         2816    i.BusFault_Handler  stm32f1xx_it.o
    0x08002274   0x00000010   Code   RO         2817    i.DMA1_Channel2_IRQHandler  stm32f1xx_it.o
    0x08002284   0x00000010   Code   RO         2818    i.DMA1_Channel3_IRQHandler  stm32f1xx_it.o
    0x08002294   0x0000002c   Code   RO         4368    i.DMA_SetConfig     stm32f1xx_hal_dma.o
    0x080022c0   0x00000002   Code   RO         2819    i.DebugMon_Handler  stm32f1xx_it.o
    0x080022c2   0x00000006   Code   RO         2749    i.Error_Handler     main.o
    0x080022c8   0x00000056   Code   RO         4369    i.HAL_DMA_Abort     stm32f1xx_hal_dma.o
    0x0800231e   0x00000002   PAD
    0x08002320   0x000000b0   Code   RO         4370    i.HAL_DMA_Abort_IT  stm32f1xx_hal_dma.o
    0x080023d0   0x0000019c   Code   RO         4374    i.HAL_DMA_IRQHandler  stm32f1xx_hal_dma.o
    0x0800256c   0x00000068   Code   RO         4375    i.HAL_DMA_Init      stm32f1xx_hal_dma.o
    0x080025d4   0x0000009c   Code   RO         4379    i.HAL_DMA_Start_IT  stm32f1xx_hal_dma.o
    0x08002670   0x00000320   Code   RO         4305    i.HAL_GPIO_Init     stm32f1xx_hal_gpio.o
    0x08002990   0x00000010   Code   RO         4307    i.HAL_GPIO_ReadPin  stm32f1xx_hal_gpio.o
    0x080029a0   0x0000000c   Code   RO         4309    i.HAL_GPIO_WritePin  stm32f1xx_hal_gpio.o
    0x080029ac   0x0000000c   Code   RO         3996    i.HAL_GetTick       stm32f1xx_hal.o
    0x080029b8   0x00000018   Code   RO         4002    i.HAL_IncTick       stm32f1xx_hal.o
    0x080029d0   0x00000028   Code   RO         4003    i.HAL_Init          stm32f1xx_hal.o
    0x080029f8   0x0000004c   Code   RO         4004    i.HAL_InitTick      stm32f1xx_hal.o
    0x08002a44   0x00000040   Code   RO         2910    i.HAL_MspInit       stm32f1xx_hal_msp.o
    0x08002a84   0x00000028   Code   RO         4465    i.HAL_NVIC_EnableIRQ  stm32f1xx_hal_cortex.o
    0x08002aac   0x0000007c   Code   RO         4471    i.HAL_NVIC_SetPriority  stm32f1xx_hal_cortex.o
    0x08002b28   0x00000028   Code   RO         4472    i.HAL_NVIC_SetPriorityGrouping  stm32f1xx_hal_cortex.o
    0x08002b50   0x0000002c   Code   RO         4473    i.HAL_NVIC_SystemReset  stm32f1xx_hal_cortex.o
    0x08002b7c   0x0000018c   Code   RO         4160    i.HAL_RCC_ClockConfig  stm32f1xx_hal_rcc.o
    0x08002d08   0x00000044   Code   RO         4164    i.HAL_RCC_GetClockConfig  stm32f1xx_hal_rcc.o
    0x08002d4c   0x0000000c   Code   RO         4165    i.HAL_RCC_GetHCLKFreq  stm32f1xx_hal_rcc.o
    0x08002d58   0x00000020   Code   RO         4167    i.HAL_RCC_GetPCLK1Freq  stm32f1xx_hal_rcc.o
    0x08002d78   0x00000020   Code   RO         4168    i.HAL_RCC_GetPCLK2Freq  stm32f1xx_hal_rcc.o
    0x08002d98   0x00000094   Code   RO         4169    i.HAL_RCC_GetSysClockFreq  stm32f1xx_hal_rcc.o
    0x08002e2c   0x00000464   Code   RO         4172    i.HAL_RCC_OscConfig  stm32f1xx_hal_rcc.o
    0x08003290   0x00000008   Code   RO          640    i.HAL_SYSTICK_Callback  kern_port_cm3.o
    0x08003298   0x00000034   Code   RO         4476    i.HAL_SYSTICK_Config  stm32f1xx_hal_cortex.o
    0x080032cc   0x00000008   Code   RO         4477    i.HAL_SYSTICK_IRQHandler  stm32f1xx_hal_cortex.o
    0x080032d4   0x00000084   Code   RO         3737    i.HAL_TIMEx_MasterConfigSynchronization  stm32f1xx_hal_tim_ex.o
    0x08003358   0x00000036   Code   RO         3034    i.HAL_TIM_GenerateEvent  stm32f1xx_hal_tim.o
    0x0800338e   0x00000002   PAD
    0x08003390   0x00000070   Code   RO         2911    i.HAL_TIM_MspPostInit  stm32f1xx_hal_msp.o
    0x08003400   0x000000fc   Code   RO         3075    i.HAL_TIM_PWM_ConfigChannel  stm32f1xx_hal_tim.o
    0x080034fc   0x00000066   Code   RO         3078    i.HAL_TIM_PWM_Init  stm32f1xx_hal_tim.o
    0x08003562   0x00000002   PAD
    0x08003564   0x0000002c   Code   RO         2913    i.HAL_TIM_PWM_MspInit  stm32f1xx_hal_msp.o
    0x08003590   0x000000d4   Code   RO         3083    i.HAL_TIM_PWM_Start  stm32f1xx_hal_tim.o
    0x08003664   0x0000009c   Code   RO         3086    i.HAL_TIM_PWM_Stop  stm32f1xx_hal_tim.o
    0x08003700   0x00000002   Code   RO         5002    i.HAL_UARTEx_RxEventCallback  stm32f1xx_hal_uart.o
    0x08003702   0x00000002   Code   RO         5016    i.HAL_UART_ErrorCallback  stm32f1xx_hal_uart.o
    0x08003704   0x0000024c   Code   RO         5019    i.HAL_UART_IRQHandler  stm32f1xx_hal_uart.o
    0x08003950   0x00000072   Code   RO         5020    i.HAL_UART_Init     stm32f1xx_hal_uart.o
    0x080039c2   0x00000002   PAD
    0x080039c4   0x00000178   Code   RO         2915    i.HAL_UART_MspInit  stm32f1xx_hal_msp.o
    0x08003b3c   0x00000042   Code   RO         5024    i.HAL_UART_Receive_DMA  stm32f1xx_hal_uart.o
    0x08003b7e   0x00000042   Code   RO         5025    i.HAL_UART_Receive_IT  stm32f1xx_hal_uart.o
    0x08003bc0   0x00000030   Code   RO         2039    i.HAL_UART_RxCpltCallback  project3_main.o
    0x08003bf0   0x00000002   Code   RO         5027    i.HAL_UART_RxHalfCpltCallback  stm32f1xx_hal_uart.o
    0x08003bf2   0x000000d2   Code   RO         5028    i.HAL_UART_Transmit  stm32f1xx_hal_uart.o
    0x08003cc4   0x0000009c   Code   RO         5029    i.HAL_UART_Transmit_DMA  stm32f1xx_hal_uart.o
    0x08003d60   0x00000058   Code   RO         5030    i.HAL_UART_Transmit_IT  stm32f1xx_hal_uart.o
    0x08003db8   0x00000030   Code   RO         2040    i.HAL_UART_TxCpltCallback  project3_main.o
    0x08003de8   0x00000002   Code   RO         5032    i.HAL_UART_TxHalfCpltCallback  stm32f1xx_hal_uart.o
    0x08003dea   0x00000004   Code   RO         2820    i.HardFault_Handler  stm32f1xx_it.o
    0x08003dee   0x00000002   PAD
    0x08003df0   0x00000030   Code   RO          282    i.ITM_SendChar      board_itm.o
    0x08003e20   0x00000044   Code   RO         2750    i.MX_DMA_Init       main.o
    0x08003e64   0x000000c0   Code   RO         2751    i.MX_GPIO_Init      main.o
    0x08003f24   0x00000078   Code   RO         2752    i.MX_TIM2_Init      main.o
    0x08003f9c   0x00000038   Code   RO         2753    i.MX_USART1_UART_Init  main.o
    0x08003fd4   0x00000038   Code   RO         2754    i.MX_USART3_UART_Init  main.o
    0x0800400c   0x00000004   Code   RO         2821    i.MemManage_Handler  stm32f1xx_it.o
    0x08004010   0x00000004   Code   RO         2822    i.NMI_Handler       stm32f1xx_it.o
    0x08004014   0x00000028   Code   RO         4173    i.RCC_Delay         stm32f1xx_hal_rcc.o
    0x0800403c   0x00000088   Code   RO         1733    i.SVC_Handler_dispatch  syscall.o
    0x080040c4   0x0000000c   Code   RO         2823    i.SysTick_Handler   stm32f1xx_it.o
    0x080040d0   0x0000005e   Code   RO         2755    i.SystemClock_Config  main.o
    0x0800412e   0x00000002   Code   RO         5359    i.SystemInit        system_stm32f1xx.o
    0x08004130   0x00000074   Code   RO         3096    i.TIM_Base_SetConfig  stm32f1xx_hal_tim.o
    0x080041a4   0x00000022   Code   RO         3097    i.TIM_CCxChannelCmd  stm32f1xx_hal_tim.o
    0x080041c6   0x00000002   PAD
    0x080041c8   0x00000060   Code   RO         3109    i.TIM_OC1_SetConfig  stm32f1xx_hal_tim.o
    0x08004228   0x00000068   Code   RO         3110    i.TIM_OC2_SetConfig  stm32f1xx_hal_tim.o
    0x08004290   0x00000068   Code   RO         3111    i.TIM_OC3_SetConfig  stm32f1xx_hal_tim.o
    0x080042f8   0x00000048   Code   RO         3112    i.TIM_OC4_SetConfig  stm32f1xx_hal_tim.o
    0x08004340   0x00000014   Code   RO         5033    i.UART_DMAAbortOnError  stm32f1xx_hal_uart.o
    0x08004354   0x00000050   Code   RO         5034    i.UART_DMAError     stm32f1xx_hal_uart.o
    0x080043a4   0x00000068   Code   RO         5035    i.UART_DMAReceiveCplt  stm32f1xx_hal_uart.o
    0x0800440c   0x00000020   Code   RO         5037    i.UART_DMARxHalfCplt  stm32f1xx_hal_uart.o
    0x0800442c   0x00000036   Code   RO         5039    i.UART_DMATransmitCplt  stm32f1xx_hal_uart.o
    0x08004462   0x0000000e   Code   RO         5041    i.UART_DMATxHalfCplt  stm32f1xx_hal_uart.o
    0x08004470   0x00000036   Code   RO         5043    i.UART_EndRxTransfer  stm32f1xx_hal_uart.o
    0x080044a6   0x00000020   Code   RO         5044    i.UART_EndTransmit_IT  stm32f1xx_hal_uart.o
    0x080044c6   0x00000014   Code   RO         5045    i.UART_EndTxTransfer  stm32f1xx_hal_uart.o
    0x080044da   0x000000e4   Code   RO         5046    i.UART_Receive_IT   stm32f1xx_hal_uart.o
    0x080045be   0x00000002   PAD
    0x080045c0   0x000000fc   Code   RO         5047    i.UART_SetConfig    stm32f1xx_hal_uart.o
    0x080046bc   0x00000098   Code   RO         5048    i.UART_Start_Receive_DMA  stm32f1xx_hal_uart.o
    0x08004754   0x00000046   Code   RO         5049    i.UART_Start_Receive_IT  stm32f1xx_hal_uart.o
    0x0800479a   0x00000060   Code   RO         5050    i.UART_Transmit_IT  stm32f1xx_hal_uart.o
    0x080047fa   0x0000006c   Code   RO         5051    i.UART_WaitOnFlagUntilTimeout  stm32f1xx_hal_uart.o
    0x08004866   0x00000002   PAD
    0x08004868   0x00000010   Code   RO         2824    i.USART3_IRQHandler  stm32f1xx_it.o
    0x08004878   0x00000004   Code   RO         2825    i.UsageFault_Handler  stm32f1xx_it.o
    0x0800487c   0x00000028   Code   RO         5703    i.__ARM_fpclassify  m_ws.l(fpclassify.o)
    0x080048a4   0x00000010   Code   RO         4478    i.__NVIC_GetPriorityGrouping  stm32f1xx_hal_cortex.o
    0x080048b4   0x00000028   Code   RO         4479    i.__NVIC_SetPriority  stm32f1xx_hal_cortex.o
    0x080048dc   0x00000006   Code   RO         1639    i.__get_CONTROL     project1_main.o
    0x080048e2   0x00000078   Code   RO         2012    i.__kfifo_get       kfifo.o
    0x0800495a   0x00000080   Code   RO         2013    i.__kfifo_put       kfifo.o
    0x080049da   0x0000000a   Code   RO         1640    i.__set_CONTROL     project1_main.o
    0x080049e4   0x00000088   Code   RO         1231    i.__task_wait       task.o
    0x08004a6c   0x0000000e   Code   RO         5514    i._is_digit         c_w.l(__printf_wp.o)
    0x08004a7a   0x00000002   PAD
    0x08004a7c   0x00000044   Code   RO          758    i.adder_task        kern_test.o
    0x08004ac0   0x00000040   Code   RO           17    i.app_main          app_n103.o
    0x08004b00   0x0000004c   Code   RO          375    i.assert_fail       debug.o
    0x08004b4c   0x0000002a   Code   RO          759    i.atomic_add        kern_test.o
    0x08004b76   0x0000000e   Code   RO         2546    i.audio_close       project4_main.o
    0x08004b84   0x00000014   Code   RO         2547    i.audio_control     project4_main.o
    0x08004b98   0x0000000e   Code   RO         2548    i.audio_init        project4_main.o
    0x08004ba6   0x0000000e   Code   RO         2549    i.audio_open        project4_main.o
    0x08004bb4   0x00000034   Code   RO         2550    i.audio_write       project4_main.o
    0x08004be8   0x00000018   Code   RO         2174    i.beep_init         beep.o
    0x08004c00   0x0000006c   Code   RO         2306    i.beep_key_press_long  key.o
    0x08004c6c   0x00000064   Code   RO         2307    i.beep_key_press_short  key.o
    0x08004cd0   0x00000018   Code   RO         2175    i.beep_off          beep.o
    0x08004ce8   0x00000018   Code   RO         2176    i.beep_on           beep.o
    0x08004d00   0x00000016   Code   RO         2551    i.beep_player_init  project4_main.o
    0x08004d16   0x00000002   PAD
    0x08004d18   0x00000038   Code   RO         2177    i.beep_set          beep.o
    0x08004d50   0x00000110   Code   RO         2260    i.beep_song_decode  decode.o
    0x08004e60   0x0000000e   Code   RO         2261    i.beep_song_decode_init  decode.o
    0x08004e6e   0x00000002   PAD
    0x08004e70   0x00000078   Code   RO         2262    i.beep_song_decode_new_freq  decode.o
    0x08004ee8   0x00000028   Code   RO         2263    i.beep_song_get_data  decode.o
    0x08004f10   0x00000020   Code   RO         2264    i.beep_song_get_len  decode.o
    0x08004f30   0x00000018   Code   RO         2265    i.beep_song_get_name  decode.o
    0x08004f48   0x00000098   Code   RO           18    i.blow              app_n103.o
    0x08004fe0   0x00000034   Code   RO          283    i.board_getc        board_itm.o
    0x08005014   0x00000004   Code   RO          284    i.board_getc_ready  board_itm.o
    0x08005018   0x0000000c   Code   RO          285    i.board_putc        board_itm.o
    0x08005024   0x0000000c   Code   RO          286    i.board_putc_debug  board_itm.o
    0x08005030   0x00000026   Code   RO         2308    i.btn_cb            key.o
    0x08005056   0x0000000a   Code   RO         1923    i.button_event_read  project2_main.o
    0x08005060   0x0000010c   Code   RO         1788    i.button_register   button_scan.o
    0x0800516c   0x0000000c   Code   RO         1789    i.button_scan_loop  button_scan.o
    0x08005178   0x00000016   Code   RO         1924    i.button_scan_task  project2_main.o
    0x0800518e   0x00000002   PAD
    0x08005190   0x00000058   Code   RO           19    i.check_gpio        app_n103.o
    0x080051e8   0x00000028   Code   RO           20    i.check_tim         app_n103.o
    0x08005210   0x0000001c   Code   RO           21    i.check_uart        app_n103.o
    0x0800522c   0x0000000c   Code   RO         2380    i.close             pin_device.o
    0x08005238   0x0000000c   Code   RO         2623    i.close             pwm_device.o
    0x08005244   0x000000b8   Code   RO          971    i.cmd_d             kshell_cmd.o
    0x080052fc   0x00000064   Code   RO          972    i.cmd_help          kshell_cmd.o
    0x08005360   0x00000048   Code   RO          973    i.cmd_i             kshell_cmd.o
    0x080053a8   0x000000b4   Code   RO           22    i.cmd_prj           app_n103.o
    0x0800545c   0x00000024   Code   RO          974    i.cmd_reboot        kshell_cmd.o
    0x08005480   0x00000090   Code   RO          975    i.cmd_sleep         kshell_cmd.o
    0x08005510   0x00000058   Code   RO           23    i.cmd_smoke         app_n103.o
    0x08005568   0x00000118   Code   RO         2041    i.cmd_uartmode      project3_main.o
    0x08005680   0x0000000e   Code   RO          710    i.cpu_in_irq        kern_port_cm3_ccarm.o
    0x0800568e   0x00000016   Code   RO          712    i.cpu_irq_disabled  kern_port_cm3_ccarm.o
    0x080056a4   0x00000008   Code   RO          641    i.cpu_schedule_pend  kern_port_cm3.o
    0x080056ac   0x00000010   Code   RO          642    i.cpu_task_init     kern_port_cm3.o
    0x080056bc   0x00000074   Code   RO          643    i.cpu_task_stack_prepair  kern_port_cm3.o
    0x08005730   0x00000014   Code   RO          376    i.debug_irq_restore  debug.o
    0x08005744   0x00000014   Code   RO          377    i.debug_irq_save    debug.o
    0x08005758   0x00000024   Code   RO         2552    i.decode_control    project4_main.o
    0x0800577c   0x0000001e   Code   RO         2553    i.decode_read       project4_main.o
    0x0800579a   0x00000002   PAD
    0x0800579c   0x000000b8   Code   RO          436    i.device_close      ios_device.o
    0x08005854   0x0000000c   Code   RO          437    i.device_find       ios_device.o
    0x08005860   0x00000048   Code   RO          438    i.device_find_best  ios_device.o
    0x080058a8   0x000000b8   Code   RO          439    i.device_ioctl      ios_device.o
    0x08005960   0x000000bc   Code   RO          440    i.device_open       ios_device.o
    0x08005a1c   0x000000b8   Code   RO          441    i.device_read       ios_device.o
    0x08005ad4   0x00000108   Code   RO          442    i.device_register   ios_device.o
    0x08005bdc   0x000000b8   Code   RO          444    i.device_write      ios_device.o
    0x08005c94   0x000000b0   Code   RO          976    i.display_mem       kshell_cmd.o
    0x08005d44   0x00000044   Code   RO         2420    i.driver_pin_init   pin_driver.o
    0x08005d88   0x0000003c   Code   RO         2674    i.driver_pwm_init   pwm_driver.o
    0x08005dc4   0x0000000e   Code   RO         1641    i.exec_privilege_action  project1_main.o
    0x08005dd2   0x00000002   PAD
    0x08005dd4   0x00000040   Code   RO          526    i.fd_entry          ios_fd.o
    0x08005e14   0x00000034   Code   RO         1029    i.file_basename     ktest.o
    0x08005e48   0x00000064   Code   RO         1790    i.fire_event        button_scan.o
    0x08005eac   0x0000001a   Code   RO         1791    i.fire_event_if_not  button_scan.o
    0x08005ec6   0x00000040   Code   RO         1232    i.fls32             task.o
    0x08005f06   0x00000002   PAD
    0x08005f08   0x0000010c   Code   RO         1642    i.fork_test_task    project1_main.o
    0x08006014   0x000000d2   Code   RO         1792    i.generate_button_event  button_scan.o
    0x080060e6   0x0000001c   Code   RO         2421    i.get_file_name     pin_driver.o
    0x08006102   0x0000001c   Code   RO         2675    i.get_file_name     pwm_driver.o
    0x0800611e   0x00000018   Code   RO          845    i.getc_default      kshell.o
    0x08006136   0x0000000c   Code   RO           24    i.gpio_clr          app_n103.o
    0x08006142   0x0000000c   Code   RO           25    i.gpio_read         app_n103.o
    0x0800614e   0x0000000c   Code   RO           26    i.gpio_set          app_n103.o
    0x0800615a   0x0000001e   Code   RO           27    i.gpio_write        app_n103.o
    0x08006178   0x00000010   Code   RO          404    i.heap_init         heap.o
    0x08006188   0x00000064   Code   RO         1233    i.idle_task_entry   task.o
    0x080061ec   0x00000058   Code   RO          445    i.ios_device_init   ios_device.o
    0x08006244   0x0000003c   Code   RO          527    i.ios_fd_close      ios_fd.o
    0x08006280   0x000000e0   Code   RO          529    i.ios_fd_free       ios_fd.o
    0x08006360   0x0000001c   Code   RO          530    i.ios_fd_get_device  ios_fd.o
    0x0800637c   0x00000038   Code   RO          531    i.ios_fd_init       ios_fd.o
    0x080063b4   0x0000003a   Code   RO          532    i.ios_fd_ioctl      ios_fd.o
    0x080063ee   0x00000002   PAD
    0x080063f0   0x00000064   Code   RO          533    i.ios_fd_new        ios_fd.o
    0x08006454   0x00000060   Code   RO          534    i.ios_fd_open       ios_fd.o
    0x080064b4   0x0000003a   Code   RO          535    i.ios_fd_read       ios_fd.o
    0x080064ee   0x00000002   PAD
    0x080064f0   0x00000088   Code   RO          536    i.ios_fd_set        ios_fd.o
    0x08006578   0x0000003a   Code   RO          537    i.ios_fd_write      ios_fd.o
    0x080065b2   0x00000002   PAD
    0x080065b4   0x00000018   Code   RO         1862    i.k3_read           gpio_ops.o
    0x080065cc   0x00000018   Code   RO         1863    i.k4_read           gpio_ops.o
    0x080065e4   0x00000018   Code   RO         1864    i.k5_read           gpio_ops.o
    0x080065fc   0x00000018   Code   RO         1865    i.k6_read           gpio_ops.o
    0x08006614   0x0000003c   Code   RO          619    i.kern_init         kern_init.o
    0x08006650   0x00000020   Code   RO          620    i.kern_start        kern_init.o
    0x08006670   0x00000020   Code   RO          760    i.kern_test         kern_test.o
    0x08006690   0x0000002c   Code   RO          761    i.kern_test_init    kern_test.o
    0x080066bc   0x00000048   Code   RO          762    i.kern_testcase     kern_test.o
    0x08006704   0x0000007c   Code   RO         1925    i.key_button_init   project2_main.o
    0x08006780   0x00000094   Code   RO         2309    i.key_init          key.o
    0x08006814   0x00000040   Code   RO         1866    i.keys_init         gpio_ops.o
    0x08006854   0x00000046   Code   RO         2042    i.kfifo_get         project3_main.o
    0x0800689a   0x00000038   Code   RO         2043    i.kfifo_put         project3_main.o
    0x080068d2   0x00000002   PAD
    0x080068d4   0x00000034   Code   RO          846    i.ksh_auto_complete  kshell.o
    0x08006908   0x0000008c   Code   RO          847    i.ksh_auto_complete_internal  kshell.o
    0x08006994   0x00000074   Code   RO          848    i.ksh_execute_internal  kshell.o
    0x08006a08   0x00000078   Code   RO          849    i.ksh_parse_and_exec_cmd  kshell.o
    0x08006a80   0x00000040   Code   RO          850    i.ksh_printf        kshell.o
    0x08006ac0   0x0000009a   Code   RO          851    i.ksh_split_cmdline  kshell.o
    0x08006b5a   0x00000002   PAD
    0x08006b5c   0x0000002c   Code   RO          977    i.kshell_cmd_add    kshell_cmd.o
    0x08006b88   0x00000050   Code   RO         2044    i.kshell_config     project3_main.o
    0x08006bd8   0x00000040   Code   RO          978    i.kshell_find_cmd   kshell_cmd.o
    0x08006c18   0x0000002c   Code   RO          852    i.kshell_init       kshell.o
    0x08006c44   0x00000030   Code   RO          853    i.kshell_lib_init   kshell.o
    0x08006c74   0x00000038   Code   RO          854    i.kshell_loop       kshell.o
    0x08006cac   0x00000010   Code   RO          855    i.kshell_register   kshell.o
    0x08006cbc   0x00000010   Code   RO          856    i.kshell_task       kshell.o
    0x08006ccc   0x000000e4   Code   RO         1030    i.ktest_assert      ktest.o
    0x08006db0   0x0000000a   Code   RO         1033    i.ktest_failed      ktest.o
    0x08006dba   0x00000002   PAD
    0x08006dbc   0x00000008   Code   RO         1035    i.ktest_result_get  ktest.o
    0x08006dc4   0x00000320   Code   RO         1036    i.ktest_run_engine  ktest.o
    0x080070e4   0x00000178   Code   RO         1037    i.ktest_run_test_case  ktest.o
    0x0800725c   0x0000004c   Code   RO         1038    i.ktest_run_test_suite  ktest.o
    0x080072a8   0x0000001c   Code   RO         1039    i.ktest_run_unit    ktest.o
    0x080072c4   0x000000a0   Code   RO         1041    i.ktest_suite_init  ktest.o
    0x08007364   0x00000030   Code   RO           28    i.lab_init          app_n103.o
    0x08007394   0x000000d0   Code   RO         1926    i.led_blink_task    project2_main.o
    0x08007464   0x00000044   Code   RO         1927    i.led_dimming       project2_main.o
    0x080074a8   0x0000001c   Code   RO         2344    i.led_init          led.o
    0x080074c4   0x0000001c   Code   RO         2345    i.led_off           led.o
    0x080074e0   0x0000001c   Code   RO         2346    i.led_on            led.o
    0x080074fc   0x00000014   Code   RO         1867    i.led_set           gpio_ops.o
    0x08007510   0x0000002c   Code   RO         2347    i.led_toggle        led.o
    0x0800753c   0x00000048   Code   RO         1868    i.leds_init         gpio_ops.o
    0x08007584   0x0000002c   Code   RO         2756    i.main              main.o
    0x080075b0   0x00000038   Code   RO         1529    i.ms_to_tick        timer.o
    0x080075e8   0x00000104   Code   RO         1156    i.mutex_give        mutex.o
    0x080076ec   0x00000014   Code   RO         1157    i.mutex_init        mutex.o
    0x08007700   0x00000180   Code   RO         1158    i.mutex_take        mutex.o
    0x08007880   0x0000010c   Code   RO          763    i.mutex_test_task   kern_test.o
    0x0800798c   0x00000040   Code   RO         2229    i.my_button_register  button.o
    0x080079cc   0x00000208   Code   RO         2230    i.my_button_scan    button.o
    0x08007bd4   0x00000020   Code   RO         2231    i.my_button_start   button.o
    0x08007bf4   0x00000014   Code   RO         2381    i.open              pin_device.o
    0x08007c08   0x00000014   Code   RO         2624    i.open              pwm_device.o
    0x08007c1c   0x0000009c   Code   RO         2676    i.pclkx_doubler_get  pwm_driver.o
    0x08007cb8   0x00000034   Code   RO         1234    i.pick_next_rt      task.o
    0x08007cec   0x0000002e   Code   RO         2382    i.pin_mode          pin_device.o
    0x08007d1a   0x00000002   PAD
    0x08007d1c   0x00000060   Code   RO         2383    i.pin_read          pin_device.o
    0x08007d7c   0x0000003c   Code   RO         2384    i.pin_write         pin_device.o
    0x08007db8   0x00000032   Code   RO         2486    i.player_add_song   player.o
    0x08007dea   0x0000006a   Code   RO         2487    i.player_control    player.o
    0x08007e54   0x00000078   Code   RO         2488    i.player_entry      player.o
    0x08007ecc   0x000000a8   Code   RO         2554    i.player_init       project4_main.o
    0x08007f74   0x0000005c   Code   RO         2489    i.player_last       player.o
    0x08007fd0   0x0000005e   Code   RO         2490    i.player_next       player.o
    0x0800802e   0x00000024   Code   RO         2491    i.player_play       player.o
    0x08008052   0x00000002   PAD
    0x08008054   0x00000154   Code   RO         2492    i.player_show       player.o
    0x080081a8   0x00000090   Code   RO         2493    i.player_start      player.o
    0x08008238   0x0000001c   Code   RO         2494    i.player_stop       player.o
    0x08008254   0x000000ac   Code   RO         1643    i.priv_test_task    project1_main.o
    0x08008300   0x0000001c   Code   RO         1794    i.process_buttons   button_scan.o
    0x0800831c   0x000000a8   Code   RO         1928    i.process_event     project2_main.o
    0x080083c4   0x000000b0   Code   RO         1644    i.project1_main     project1_main.o
    0x08008474   0x00000048   Code   RO         1929    i.project2_main     project2_main.o
    0x080084bc   0x00000044   Code   RO         2045    i.project3_main     project3_main.o
    0x08008500   0x00000008   Code   RO         2555    i.project4_main     project4_main.o
    0x08008508   0x00000048   Code   RO           29    i.project_list      app_n103.o
    0x08008550   0x0000000e   Code   RO          857    i.putc_default      kshell.o
    0x0800855e   0x00000032   Code   RO         2625    i.pwm_disable       pwm_device.o
    0x08008590   0x00000032   Code   RO         2626    i.pwm_enable        pwm_device.o
    0x080085c2   0x00000006   Code   RO         2627    i.pwm_init          pwm_device.o
    0x080085c8   0x0000003e   Code   RO         2628    i.pwm_set           pwm_device.o
    0x08008606   0x00000002   PAD
    0x08008608   0x00000020   Code   RO          764    i.rand              kern_test.o
    0x08008628   0x00000088   Code   RO         1930    i.read_key          project2_main.o
    0x080086b0   0x000000b8   Code   RO         1235    i.ready_queue_get_highest  task.o
    0x08008768   0x00000098   Code   RO         1236    i.ready_queue_init  task.o
    0x08008800   0x0000019c   Code   RO         1237    i.ready_queue_insert_tail  task.o
    0x0800899c   0x000001c4   Code   RO         1238    i.ready_queue_remove  task.o
    0x08008b60   0x00000044   Code   RO         1239    i.redzone_check     task.o
    0x08008ba4   0x00000016   Code   RO         1240    i.redzone_fill      task.o
    0x08008bba   0x00000002   PAD
    0x08008bbc   0x000000e4   Code   RO         1795    i.scan_button       button_scan.o
    0x08008ca0   0x0000001c   Code   RO         1796    i.scan_buttons      button_scan.o
    0x08008cbc   0x000000e0   Code   RO          765    i.sem_consumer      kern_test.o
    0x08008d9c   0x00000098   Code   RO         1206    i.sem_give          semaphore.o
    0x08008e34   0x0000000c   Code   RO         1207    i.sem_init          semaphore.o
    0x08008e40   0x0000006c   Code   RO          766    i.sem_producer      kern_test.o
    0x08008eac   0x00000188   Code   RO         1208    i.sem_take          semaphore.o
    0x08009034   0x00000100   Code   RO          767    i.sem_test          kern_test.o
    0x08009134   0x00000038   Code   RO          858    i.shell_execute     kshell.o
    0x0800916c   0x00000098   Code   RO          859    i.shell_push_history  kshell.o
    0x08009204   0x00000288   Code   RO          860    i.shell_readline    kshell.o
    0x0800948c   0x00000044   Code   RO          861    i.shell_show_history  kshell.o
    0x080094d0   0x000000ac   Code   RO           30    i.smoke_task        app_n103.o
    0x0800957c   0x00000006   Code   RO         2422    i.stm32_pin_close   pin_driver.o
    0x08009582   0x0000007e   Code   RO         2423    i.stm32_pin_get     pin_driver.o
    0x08009600   0x000000fc   Code   RO         2424    i.stm32_pin_ioctl   pin_driver.o
    0x080096fc   0x00000050   Code   RO         2425    i.stm32_pin_open    pin_driver.o
    0x0800974c   0x00000084   Code   RO         2426    i.stm32_pin_read    pin_driver.o
    0x080097d0   0x0000008c   Code   RO         2427    i.stm32_pin_write   pin_driver.o
    0x0800985c   0x00000006   Code   RO         2677    i.stm32_pwm_close   pwm_driver.o
    0x08009862   0x0000007e   Code   RO         2678    i.stm32_pwm_get     pwm_driver.o
    0x080098e0   0x0000008c   Code   RO         2679    i.stm32_pwm_ioctl   pwm_driver.o
    0x0800996c   0x00000064   Code   RO         2680    i.stm32_pwm_open    pwm_driver.o
    0x080099d0   0x00000134   Code   RO         2681    i.stm32_pwm_set     pwm_driver.o
    0x08009b04   0x00000094   Code   RO         2682    i.stm32_pwm_write   pwm_driver.o
    0x08009b98   0x0000000c   Code   RO           31    i.stop_smoke        app_n103.o
    0x08009ba4   0x0000000c   Code   RO          768    i.stop_task         kern_test.o
    0x08009bb0   0x00000020   Code   RO          862    i.str_common        kshell.o
    0x08009bd0   0x00000016   Code   RO         1645    i.switch_to_privileged_mode  project1_main.o
    0x08009be6   0x00000016   Code   RO         1646    i.switch_to_user_mode  project1_main.o
    0x08009bfc   0x00000040   Code   RO         1734    i.sys_call_test     syscall.o
    0x08009c3c   0x00000008   Code   RO         1735    i.sys_fork          syscall.o
    0x08009c44   0x00000018   Code   RO         1737    i.sys_system_call   syscall.o
    0x08009c5c   0x00000010   Code   RO          644    i.syscall_pendsv    kern_port_cm3.o
    0x08009c6c   0x000001ec   Code   RO         1241    i.task_change_state_to  task.o
    0x08009e58   0x000000a0   Code   RO         1242    i.task_create       task.o
    0x08009ef8   0x000000a0   Code   RO         1243    i.task_delete       task.o
    0x08009f98   0x00000038   Code   RO          646    i.task_error        kern_port_cm3.o
    0x08009fd0   0x000000cc   Code   RO         1244    i.task_fork         task.o
    0x0800a09c   0x00000024   Code   RO         1245    i.task_guard        task.o
    0x0800a0c0   0x00000048   Code   RO         1246    i.task_info         task.o
    0x0800a108   0x00000084   Code   RO         1247    i.task_info_all     task.o
    0x0800a18c   0x00000024   Code   RO         1248    i.task_init         task.o
    0x0800a1b0   0x0000002c   Code   RO         1249    i.task_join         task.o
    0x0800a1dc   0x0000002c   Code   RO         1250    i.task_lib_init     task.o
    0x0800a208   0x00000080   Code   RO         1251    i.task_lock         task.o
    0x0800a288   0x000000e4   Code   RO         1253    i.task_new          task.o
    0x0800a36c   0x0000013c   Code   RO         1254    i.task_pool_get     task.o
    0x0800a4a8   0x00000110   Code   RO         1255    i.task_pool_init    task.o
    0x0800a5b8   0x000000f4   Code   RO         1256    i.task_pool_put     task.o
    0x0800a6ac   0x00000010   Code   RO         1257    i.task_priority     task.o
    0x0800a6bc   0x00000064   Code   RO         1259    i.task_schedule     task.o
    0x0800a720   0x0000000c   Code   RO         1260    i.task_self         task.o
    0x0800a72c   0x00000052   Code   RO         1262    i.task_set_priority  task.o
    0x0800a77e   0x00000012   Code   RO         1531    i.task_sleep        timer.o
    0x0800a790   0x00000006   Code   RO         1264    i.task_switch_context_hook  task.o
    0x0800a796   0x00000002   PAD
    0x0800a798   0x000000ac   Code   RO         1265    i.task_switch_sp    task.o
    0x0800a844   0x00000020   Code   RO         1266    i.task_timer_tick   task.o
    0x0800a864   0x0000009c   Code   RO         1269    i.task_unlock       task.o
    0x0800a900   0x00000060   Code   RO         1532    i.task_wait_timeout  timer.o
    0x0800a960   0x0000000e   Code   RO         1270    i.task_wakeup       task.o
    0x0800a96e   0x00000010   Code   RO         1271    i.task_wakeup_all   task.o
    0x0800a97e   0x00000002   PAD
    0x0800a980   0x000000e8   Code   RO         1272    i.task_wakeup_n     task.o
    0x0800aa68   0x00000088   Code   RO         1273    i.task_wakeup_the   task.o
    0x0800aaf0   0x00000068   Code   RO         1274    i.task_yield        task.o
    0x0800ab58   0x00000024   Code   RO          769    i.test_mutex        kern_test.o
    0x0800ab7c   0x00000030   Code   RO         1042    i.test_name_match_wild  ktest.o
    0x0800abac   0x00000008   Code   RO          770    i.test_sem          kern_test.o
    0x0800abb4   0x00000084   Code   RO           32    i.tim_pwm_start     app_n103.o
    0x0800ac38   0x00000016   Code   RO           33    i.tim_pwm_stop      app_n103.o
    0x0800ac4e   0x00000002   PAD
    0x0800ac50   0x000000e4   Code   RO         1533    i.timer_add         timer.o
    0x0800ad34   0x0000001e   Code   RO         1534    i.timer_add_oneshot  timer.o
    0x0800ad52   0x0000001e   Code   RO         1535    i.timer_add_period  timer.o
    0x0800ad70   0x0000008c   Code   RO         1536    i.timer_cancel      timer.o
    0x0800adfc   0x00000018   Code   RO         1537    i.timer_init        timer.o
    0x0800ae14   0x00000174   Code   RO         1538    i.timer_insert      timer.o
    0x0800af88   0x00000070   Code   RO         1539    i.timer_lib_init    timer.o
    0x0800aff8   0x0000011c   Code   RO         1540    i.timer_remove      timer.o
    0x0800b114   0x000000e4   Code   RO         1541    i.timer_tick_call   timer.o
    0x0800b1f8   0x00000060   Code   RO         1542    i.timer_tick_isr    timer.o
    0x0800b258   0x00000024   Code   RO         1543    i.timer_tick_task   timer.o
    0x0800b27c   0x0000000c   Code   RO         1544    i.timer_ticks       timer.o
    0x0800b288   0x00000028   Code   RO         1275    i.tls_copy          task.o
    0x0800b2b0   0x00000034   Code   RO          290    i.trace_printf      board_itm.o
    0x0800b2e4   0x0000001a   Code   RO          291    i.trace_write       board_itm.o
    0x0800b2fe   0x00000002   PAD
    0x0800b300   0x000000a0   Code   RO          446    i.translate_to_rel_path  ios_device.o
    0x0800b3a0   0x00000054   Code   RO         2046    i.uart_getc_DMA     project3_main.o
    0x0800b3f4   0x00000030   Code   RO         2047    i.uart_getc_DMA_ISR  project3_main.o
    0x0800b424   0x00000054   Code   RO         2048    i.uart_getc_IT      project3_main.o
    0x0800b478   0x00000030   Code   RO         2049    i.uart_getc_IT_ISR  project3_main.o
    0x0800b4a8   0x0000002c   Code   RO         2050    i.uart_getc_poll    project3_main.o
    0x0800b4d4   0x00000054   Code   RO         2051    i.uart_putc_DMA     project3_main.o
    0x0800b528   0x00000020   Code   RO         2052    i.uart_putc_DMA_ISR  project3_main.o
    0x0800b548   0x00000054   Code   RO         2053    i.uart_putc_IT      project3_main.o
    0x0800b59c   0x00000020   Code   RO         2054    i.uart_putc_IT_ISR  project3_main.o
    0x0800b5bc   0x0000002c   Code   RO         2055    i.uart_putc_poll    project3_main.o
    0x0800b5e8   0x00000024   Code   RO         2056    i.uart_start_rx_DMA  project3_main.o
    0x0800b60c   0x00000024   Code   RO         2057    i.uart_start_rx_IT  project3_main.o
    0x0800b630   0x0000003c   Code   RO         2058    i.uart_start_tx_DMA  project3_main.o
    0x0800b66c   0x00000068   Code   RO         2059    i.uart_start_tx_IT  project3_main.o
    0x0800b6d4   0x00000004   Code   RO          771    i.unit_test_noop    kern_test.o
    0x0800b6d8   0x00000098   Code   RO         1276    i.wait_queue_init   task.o
    0x0800b770   0x00000180   Code   RO         1277    i.wait_queue_insert_tail  task.o
    0x0800b8f0   0x00000180   Code   RO         1278    i.wait_queue_remove  task.o
    0x0800ba70   0x00000048   Code   RO         1545    i.wait_timeout_handler  timer.o
    0x0800bab8   0x00000014   Code   RO         2629    i.write             pwm_device.o
    0x0800bacc   0x0000002c   Code   RO         5610    locale$$code        c_w.l(lc_ctype_c.o)
    0x0800baf8   0x0000002c   Code   RO         5642    locale$$code        c_w.l(lc_numeric_c.o)
    0x0800bb24   0x0000005a   Code   RO         5430    x$fpl$dfixu         fz_ws.l(dfixu.o)
    0x0800bb7e   0x0000002e   Code   RO         5435    x$fpl$dflt          fz_ws.l(dflt_clz.o)
    0x0800bbac   0x00000154   Code   RO         5440    x$fpl$dmul          fz_ws.l(dmul.o)
    0x0800bd00   0x0000009c   Code   RO         5551    x$fpl$dnaninf       fz_ws.l(dnaninf.o)
    0x0800bd9c   0x0000000c   Code   RO         5553    x$fpl$dretinf       fz_ws.l(dretinf.o)
    0x0800bda8   0x00000004   Code   RO         5555    x$fpl$printf1       fz_ws.l(printf1.o)
    0x0800bdac   0x00000004   Code   RO         5557    x$fpl$printf2       fz_ws.l(printf2.o)
    0x0800bdb0   0x00000000   Code   RO         5563    x$fpl$usenofp       fz_ws.l(usenofp.o)
    0x0800bdb0   0x00000018   Data   RO           35    .constdata          app_n103.o
    0x0800bdc8   0x00000067   Data   RO          448    .constdata          ios_device.o
    0x0800be2f   0x00000017   Data   RO          541    .constdata          ios_fd.o
    0x0800be46   0x00000010   Data   RO          773    .constdata          kern_test.o
    0x0800be56   0x00000035   Data   RO         1159    .constdata          mutex.o
    0x0800be8b   0x00000042   Data   RO         1209    .constdata          semaphore.o
    0x0800becd   0x00000127   Data   RO         1280    .constdata          task.o
    0x0800bff4   0x00000085   Data   RO         1546    .constdata          timer.o
    0x0800c079   0x0000001a   Data   RO         1648    .constdata          project1_main.o
    0x0800c093   0x00000001   PAD
    0x0800c094   0x00000010   Data   RO         1738    .constdata          syscall.o
    0x0800c0a4   0x00000029   Data   RO         1932    .constdata          project2_main.o
    0x0800c0cd   0x0000005e   Data   RO         2061    .constdata          project3_main.o
    0x0800c12b   0x00000001   PAD
    0x0800c12c   0x00000026   Data   RO         2267    .constdata          decode.o
    0x0800c152   0x0000002f   Data   RO         2429    .constdata          pin_driver.o
    0x0800c181   0x00000848   Data   RO         2557    .constdata          project4_main.o
    0x0800c9c9   0x00000032   Data   RO         2684    .constdata          pwm_driver.o
    0x0800c9fb   0x00000018   Data   RO         5360    .constdata          system_stm32f1xx.o
    0x0800ca13   0x00000001   PAD
    0x0800ca14   0x00000008   Data   RO         5473    .constdata          c_w.l(_printf_wctomb.o)
    0x0800ca1c   0x00000028   Data   RO         5502    .constdata          c_w.l(_printf_hex_int_ll_ptr.o)
    0x0800ca44   0x00000011   Data   RO         5522    .constdata          c_w.l(__printf_flags_ss_wp.o)
    0x0800ca55   0x00000026   Data   RO         5596    .constdata          c_w.l(_printf_fp_hex.o)
    0x0800ca7b   0x00000001   PAD
    0x0800ca7c   0x00000094   Data   RO         5617    .constdata          c_w.l(bigflt0.o)
    0x0800cb10   0x000000bd   Data   RO           36    .conststring        app_n103.o
    0x0800cbcd   0x00000003   PAD
    0x0800cbd0   0x0000000e   Data   RO          774    .conststring        kern_test.o
    0x0800cbde   0x00000002   PAD
    0x0800cbe0   0x000000a1   Data   RO          979    .conststring        kshell_cmd.o
    0x0800cc81   0x00000003   PAD
    0x0800cc84   0x00000062   Data   RO         1281    .conststring        task.o
    0x0800cce6   0x00000002   PAD
    0x0800cce8   0x0000001b   Data   RO         1547    .conststring        timer.o
    0x0800cd03   0x00000001   PAD
    0x0800cd04   0x0000010d   Data   RO         1798    .conststring        button_scan.o
    0x0800ce11   0x00000003   PAD
    0x0800ce14   0x0000000f   Data   RO         2062    .conststring        project3_main.o
    0x0800ce23   0x00000001   PAD
    0x0800ce24   0x00000020   Data   RO         5784    Region$$Table       anon$$obj.o
    0x0800ce44   0x00000110   Data   RO         5609    locale$$data        c_w.l(lc_ctype_c.o)
    0x0800cf54   0x0000001c   Data   RO         5641    locale$$data        c_w.l(lc_numeric_c.o)


    Execution Region RW_IRAM1 (Base: 0x20000000, Size: 0x00005438, Max: 0x00020000, ABSOLUTE, COMPRESSED[0x0000014c])

    Base Addr    Size         Type   Attr      Idx    E Section Name        Object

    0x20000000   0x00000030   Data   RW           37    .data               app_n103.o
    0x20000030   0x00000004   Data   RW          293    .data               board_itm.o
    0x20000034   0x00000008   Data   RW          378    .data               debug.o
    0x2000003c   0x00000020   Data   RW          409    .data               heap.o
    0x2000005c   0x00000010   Data   RW          449    .data               ios_device.o
    0x2000006c   0x00000020   Data   RW          542    .data               ios_fd.o
    0x2000008c   0x00000044   Data   RW          775    .data               kern_test.o
    0x200000d0   0x000000c8   Data   RW          980    .data               kshell_cmd.o
    0x20000198   0x00000018   Data   RW         1044    .data               ktest.o
    0x200001b0   0x00000030   Data   RW         1282    .data               task.o
    0x200001e0   0x00000024   Data   RW         1548    .data               timer.o
    0x20000204   0x0000003c   Data   RW         1799    .data               button_scan.o
    0x20000240   0x00000074   Data   RW         1933    .data               project2_main.o
    0x200002b4   0x00000144   Data   RW         2063    .data               project3_main.o
    0x200003f8   0x00000001   Data   RW         2495    .data               player.o
    0x200003f9   0x00000001   Data   RW         2558    .data               project4_main.o
    0x200003fa   0x00000002   PAD
    0x200003fc   0x00000010   Data   RW         2685    .data               pwm_driver.o
    0x2000040c   0x00000009   Data   RW         4010    .data               stm32f1xx_hal.o
    0x20000415   0x00000003   PAD
    0x20000418   0x00000004   Data   RW         5361    .data               system_stm32f1xx.o
    0x2000041c   0x00000030   Zero   RW           34    .bss                app_n103.o
    0x2000044c   0x00000080   Zero   RW          292    .bss                board_itm.o
    0x200004cc   0x00000400   Zero   RW          408    .bss                heap.o
    0x200008cc   0x00000018   Zero   RW          447    .bss                ios_device.o
    0x200008e4   0x00000140   Zero   RW          540    .bss                ios_fd.o
    0x20000a24   0x00000040   Zero   RW          772    .bss                kern_test.o
    0x20000a64   0x00000390   Zero   RW          863    .bss                kshell.o
    0x20000df4   0x0000004c   Zero   RW         1043    .bss                ktest.o
    0x20000e40   0x00003b38   Zero   RW         1279    .bss                task.o
    0x20004978   0x00000010   Zero   RW         1797    .bss                button_scan.o
    0x20004988   0x00000100   Zero   RW         1931    .bss                project2_main.o
    0x20004a88   0x00000040   Zero   RW         2060    .bss                project3_main.o
    0x20004ac8   0x0000005c   Zero   RW         2232    .bss                button.o
    0x20004b24   0x00000018   Zero   RW         2266    .bss                decode.o
    0x20004b3c   0x0000003c   Zero   RW         2310    .bss                key.o
    0x20004b78   0x00000050   Zero   RW         2428    .bss                pin_driver.o
    0x20004bc8   0x00000064   Zero   RW         2556    .bss                project4_main.o
    0x20004c2c   0x00000050   Zero   RW         2683    .bss                pwm_driver.o
    0x20004c7c   0x00000158   Zero   RW         2757    .bss                main.o
    0x20004dd4   0x00000060   Zero   RW         5565    .bss                c_w.l(libspace.o)
    0x20004e34   0x00000004   PAD
    0x20004e38   0x00000200   Zero   RW            2    HEAP                startup_stm32f103xb.o
    0x20005038   0x00000400   Zero   RW            1    STACK               startup_stm32f103xb.o


==============================================================================

Image component sizes


      Code (inc. data)   RO Data    RW Data    ZI Data      Debug   Object Name

         0          0          0          0          0       1444   app_fsm4.o
      1164        362        213         48         48     446218   app_n103.o
       128         52          0          0          0       9728   beep.o
       206         18          0          4        128      30534   board_itm.o
       616        108          0          0         92       3315   button.o
       900        124        269         60         16      13152   button_scan.o
       116         60          0          8          0       2083   debug.o
       502         24         38          0         24       5298   decode.o
       252         42          0          0          0       4334   gpio_ops.o
        16          6          0         32       1024       1372   heap.o
      1520        654        103         16         24      17586   ios_device.o
       938        214         23         32        320       8807   ios_fd.o
        92         36          0          0          0        957   kern_init.o
       220         48          0          0          0       3673   kern_port_cm3.o
       138          0          0          0          0       5556   kern_port_cm3_ccarm.o
      1206        528         30         68         64      11923   kern_test.o
       394         62          0          0         60       4146   key.o
       248          0          0          0          0       2928   kfifo.o
      1820        186          0          0        912      13526   kshell.o
       820        230        161        200          0       7014   kshell_cmd.o
      1786        784          0         24         76      11370   ktest.o
       128         56          0          0          0       1911   led.o
       636         38          0          0        344       4704   main.o
       664        256         53          0          0       2287   mutex.o
       234         20          0          0          0       4074   pin_device.o
       832        208         47          0         80       8836   pin_driver.o
      1010        218          0          1          0       5856   player.o
       690        290         26          0          0      15037   project1_main.o
       808        248         41        116        256       9579   project2_main.o
      1470        372        109        324         64      14580   project3_main.o
       378         72       2120          1        100       6831   project4_main.o
       220          0          0          0          0       4920   pwm_device.o
      1072        210         50         16         80       8246   pwm_driver.o
       556        212         66          0          0       2393   semaphore.o
        64         26        236          0       1536        804   startup_stm32f103xb.o
       152         32          0          9          0       5293   stm32f1xx_hal.o
       364         30          0          0          0      30987   stm32f1xx_hal_cortex.o
       978         12          0          0          0       4874   stm32f1xx_hal_dma.o
       828         34          0          0          0       3319   stm32f1xx_hal_gpio.o
       596         56          0          0          0       3121   stm32f1xx_hal_msp.o
      1852        120          0          0          0       6637   stm32f1xx_hal_rcc.o
      1302         50          0          0          0       8355   stm32f1xx_hal_tim.o
       132         14          0          0          0       1304   stm32f1xx_hal_tim_ex.o
      2612         38          0          0          0      18489   stm32f1xx_hal_uart.o
        82         18          0          0          0       4513   stm32f1xx_it.o
       320        106         16          0          0       4616   syscall.o
        54          0          0          0          0        380   syscall_ccarm.o
         2          0         24          4          0       1119   system_stm32f1xx.o
      6248       2138        393         48      15160      31043   task.o
      1834        612        160         36          0      11068   timer.o

    ----------------------------------------------------------------------
     39258       9024       4228       1052      20408     830140   Object Totals
         0          0         32          0          0          0   (incl. Generated)
        58          0         18          5          0          0   (incl. Padding)

    ----------------------------------------------------------------------

      Code (inc. data)   RO Data    RW Data    ZI Data      Debug   Library Member Name

        90          0          0          0          0          0   __dczerorl2.o
         8          0          0          0          0         68   __main.o
       392          4         17          0          0         92   __printf_flags_ss_wp.o
        14          0          0          0          0         68   __printf_wp.o
         0          0          0          0          0          0   __rtentry.o
        12          0          0          0          0          0   __rtentry2.o
         6          0          0          0          0          0   __rtentry4.o
        52          8          0          0          0          0   __scatter.o
        28          0          0          0          0          0   __scatter_zi.o
        28          0          0          0          0         68   _chval.o
         6          0          0          0          0          0   _printf_a.o
         6          0          0          0          0          0   _printf_c.o
        44          0          0          0          0        108   _printf_char.o
        48          6          0          0          0         96   _printf_char_common.o
        40          0          0          0          0         68   _printf_charcount.o
         6          0          0          0          0          0   _printf_d.o
       120         16          0          0          0         92   _printf_dec.o
         6          0          0          0          0          0   _printf_e.o
         6          0          0          0          0          0   _printf_f.o
      1050          0          0          0          0        216   _printf_fp_dec.o
       764          8         38          0          0        100   _printf_fp_hex.o
       128         16          0          0          0         84   _printf_fp_infnan.o
         6          0          0          0          0          0   _printf_g.o
       148          4         40          0          0        160   _printf_hex_int_ll_ptr.o
         6          0          0          0          0          0   _printf_i.o
       178          0          0          0          0         88   _printf_intcommon.o
        10          0          0          0          0          0   _printf_l.o
         6          0          0          0          0          0   _printf_lc.o
        10          0          0          0          0          0   _printf_ll.o
         6          0          0          0          0          0   _printf_lld.o
         6          0          0          0          0          0   _printf_lli.o
         6          0          0          0          0          0   _printf_llo.o
         6          0          0          0          0          0   _printf_llu.o
         6          0          0          0          0          0   _printf_llx.o
       124         16          0          0          0         92   _printf_longlong_dec.o
         6          0          0          0          0          0   _printf_ls.o
         6          0          0          0          0          0   _printf_n.o
         6          0          0          0          0          0   _printf_o.o
       112         10          0          0          0        124   _printf_oct_int_ll.o
         6          0          0          0          0          0   _printf_p.o
        78          0          0          0          0        108   _printf_pad.o
         0          0          0          0          0          0   _printf_percent.o
         4          0          0          0          0          0   _printf_percent_end.o
         6          0          0          0          0          0   _printf_s.o
        82          0          0          0          0         80   _printf_str.o
        36          0          0          0          0         84   _printf_truncate.o
         6          0          0          0          0          0   _printf_u.o
        44          0          0          0          0        108   _printf_wchar.o
       188          6          8          0          0         92   _printf_wctomb.o
         6          0          0          0          0          0   _printf_x.o
        16          0          0          0          0         68   _snputc.o
        10          0          0          0          0         68   _sputc.o
       158          0          0          0          0         92   _strtoul.o
        64          0          0          0          0         92   _wcrtomb.o
        16          0          0          0          0         68   aeabi_memset.o
       220          4        148          0          0         96   bigflt0.o
      1910        128          0          0          0        672   btod.o
        18          0          0          0          0         80   exit.o
         6          0          0          0          0        152   heapauxi.o
         0          0          0          0          0          0   indicate_semi.o
        44         10        272          0          0         76   lc_ctype_c.o
        44         10         28          0          0         76   lc_numeric_c.o
         2          0          0          0          0          0   libinit.o
        30          0          0          0          0          0   libinit2.o
         2          0          0          0          0          0   libshutdown.o
         2          0          0          0          0          0   libshutdown2.o
         8          4          0          0         96         68   libspace.o
       138          0          0          0          0         80   lludiv10.o
       238          0          0          0          0        100   lludivv7m.o
        88          0          0          0          0         76   memcmp.o
        16          4          0          0          0         76   rt_ctype_table.o
         8          4          0          0          0         68   rt_errno_addr_intlibspace.o
         8          4          0          0          0         68   rt_locale_intlibspace.o
        68          0          0          0          0         68   rt_memclr.o
        78          0          0          0          0         80   rt_memclr_w.o
       138          0          0          0          0         68   rt_memcpy_v6.o
       100          0          0          0          0         80   rt_memcpy_w.o
       132          0          0          0          0         68   rt_memmove_v6.o
       122          0          0          0          0         80   rt_memmove_w.o
         2          0          0          0          0          0   rtexit.o
        10          0          0          0          0          0   rtexit2.o
       128          0          0          0          0         68   strcmpv7m.o
        62          0          0          0          0         76   strlen.o
       150          0          0          0          0         80   strncmp.o
        86          0          0          0          0         76   strncpy.o
        22          0          0          0          0         68   strrchr.o
       114          0          0          0          0         92   strtoul.o
        12          4          0          0          0         68   sys_exit.o
        74          0          0          0          0         80   sys_stackheap_outer.o
         2          0          0          0          0         68   use_no_semi.o
        52          4          0          0          0         80   vsnprintf.o
        90          4          0          0          0         92   dfixu.o
        46          0          0          0          0         68   dflt_clz.o
       340         12          0          0          0        104   dmul.o
       156          4          0          0          0         92   dnaninf.o
        12          0          0          0          0         68   dretinf.o
         4          0          0          0          0         68   printf1.o
         4          0          0          0          0         68   printf2.o
         0          0          0          0          0          0   usenofp.o
        40          0          0          0          0         68   fpclassify.o

    ----------------------------------------------------------------------
      9066        290        552          0        100       5900   Library Totals
        18          0          1          0          4          0   (incl. Padding)

    ----------------------------------------------------------------------

      Code (inc. data)   RO Data    RW Data    ZI Data      Debug   Library Name

      8356        270        551          0         96       5272   c_w.l
       652         20          0          0          0        560   fz_ws.l
        40          0          0          0          0         68   m_ws.l

    ----------------------------------------------------------------------
      9066        290        552          0        100       5900   Library Totals

    ----------------------------------------------------------------------

==============================================================================


      Code (inc. data)   RO Data    RW Data    ZI Data      Debug   

     48324       9314       4780       1052      20508     812480   Grand Totals
     48324       9314       4780        332      20508     812480   ELF Image Totals (compressed)
     48324       9314       4780        332          0          0   ROM Totals

==============================================================================

    Total RO  Size (Code + RO Data)                53104 (  51.86kB)
    Total RW  Size (RW Data + ZI Data)             21560 (  21.05kB)
    Total ROM Size (Code + RO Data + RW Data)      53436 (  52.18kB)

==============================================================================

